<html>
<body>
<pre>
<h1>µVision Build Log</h1>
<h2>Tool Versions:</h2>
IDE-Version: ¦ÌVision V5.40.0.0
Copyright (C) 2024 ARM Ltd and ARM Germany GmbH. All rights reserved.
License Information: c ASUS, school, LIC=TIVNB-2PWTN-CX6U6-D3IIM-XMR3K-1I9BW
 
Tool Versions:
Toolchain:       MDK-ARM Plus  Version: 5.40.0.3
Toolchain Path:  D:\keil_mdk\ARM\ARMCLANG\Bin
C Compiler:      ArmClang.exe V6.22
Assembler:       Armasm.exe V6.22
Linker/Locator:  ArmLink.exe V6.22
Library Manager: ArmAr.exe V6.22
Hex Converter:   FromElf.exe V6.22
CPU DLL:         SARMCM3.DLL V5.40.0.3
Dialog DLL:      DCM.DLL V1.17.5.0
Target DLL:      CMSIS_AGDI.dll V1.33.18.0
Dialog DLL:      TCM.DLL V1.56.4.0
 
<h2>Project:</h2>
E:\zhong_er_shoutai\MDK-ARM\zhong_er_shoutai.uvprojx
Project File Date:  09/06/2024

<h2>Output:</h2>
*** Using Compiler 'V6.22', folder: 'D:\keil_mdk\ARM\ARMCLANG\Bin'
Rebuild target 'zhong_er_shoutai'
compiling main.c...
compiling tim.c...
compiling usart.c...
compiling stm32g4xx_it.c...
compiling i2c.c...
compiling adc.c...
compiling spi.c...
compiling gpio.c...
compiling stm32g4xx_hal_msp.c...
assembling startup_stm32g431xx.s...
compiling mpr.c...
compiling stm32g4xx_hal_pcd.c...
compiling stm32g4xx_hal_pcd_ex.c...
compiling stm32g4xx_ll_usb.c...
compiling stm32g4xx_hal.c...
compiling stm32g4xx_hal_flash.c...
compiling stm32g4xx_hal_rcc_ex.c...
compiling stm32g4xx_hal_rcc.c...
compiling stm32g4xx_hal_flash_ex.c...
compiling stm32g4xx_hal_flash_ramfunc.c...
compiling stm32g4xx_hal_gpio.c...
compiling stm32g4xx_hal_exti.c...
compiling stm32g4xx_hal_dma_ex.c...
compiling stm32g4xx_hal_dma.c...
compiling stm32g4xx_hal_pwr.c...
compiling stm32g4xx_hal_pwr_ex.c...
compiling stm32g4xx_hal_cortex.c...
compiling stm32g4xx_ll_adc.c...
compiling stm32g4xx_hal_adc.c...
compiling stm32g4xx_hal_adc_ex.c...
compiling stm32g4xx_hal_i2c_ex.c...
compiling stm32g4xx_hal_uart_ex.c...
compiling stm32g4xx_hal_spi_ex.c...
compiling stm32g4xx_hal_spi.c...
compiling stm32g4xx_hal_i2c.c...
compiling stm32g4xx_hal_uart.c...
compiling stm32g4xx_hal_tim_ex.c...
compiling system_stm32g4xx.c...
compiling usbd_conf.c...
compiling stm32g4xx_hal_tim.c...
compiling usbd_desc.c...
compiling usb_device.c...
compiling usbd_core.c...
compiling usbd_ctlreq.c...
compiling usbd_ioreq.c...
compiling usbd_hid.c...
linking...
Program Size: Code=34430 RO-data=586 RW-data=444 ZI-data=4380  
FromELF: creating hex file...
"zhong_er_shoutai\zhong_er_shoutai.axf" - 0 Error(s), 0 Warning(s).

<h2>Software Packages used:</h2>

Package Vendor: ARM
                https://www.keil.com/pack/ARM.CMSIS.6.1.0.pack
                ARM::CMSIS@6.1.0
                CMSIS (Common Microcontroller Software Interface Standard)
   * Component: CORE Version: 6.1.0

Package Vendor: Keil
                https://www.keil.com/pack/Keil.STM32G4xx_DFP.1.6.0.pack
                Keil::STM32G4xx_DFP@1.6.0
                STMicroelectronics STM32G4 Series Device Support, Drivers and Examples

<h2>Collection of Component include folders:</h2>
  ./RTE/_zhong_er_shoutai
  D:/keil_mdk/ARM/CMSIS/6.1.0/CMSIS/Core/Include
  D:/keil_mdk/Keil/STM32G4xx_DFP/1.6.0/Drivers/CMSIS/Device/ST/STM32G4xx/Include

<h2>Collection of Component Files used:</h2>

   * Component: ARM::CMSIS:CORE@6.1.0
      Include file:  CMSIS/Core/Include/tz_context.h
Build Time Elapsed:  00:00:06
</pre>
</body>
</html>
