Component: Arm Compiler for Embedded 6.22 Tool: armlink [5ee90200]

==============================================================================

Section Cross References

    startup_stm32g431xx.o(STACK) refers (Special) to heapauxi.o(.text) for __use_two_region_memory
    startup_stm32g431xx.o(HEAP) refers (Special) to heapauxi.o(.text) for __use_two_region_memory
    startup_stm32g431xx.o(RESET) refers (Special) to heapauxi.o(.text) for __use_two_region_memory
    startup_stm32g431xx.o(RESET) refers to startup_stm32g431xx.o(STACK) for __initial_sp
    startup_stm32g431xx.o(RESET) refers to startup_stm32g431xx.o(.text) for Reset_Handler
    startup_stm32g431xx.o(RESET) refers to stm32g4xx_it.o(.text.NMI_Handler) for NMI_Handler
    startup_stm32g431xx.o(RESET) refers to stm32g4xx_it.o(.text.HardFault_Handler) for HardFault_Handler
    startup_stm32g431xx.o(RESET) refers to stm32g4xx_it.o(.text.MemManage_Handler) for MemManage_Handler
    startup_stm32g431xx.o(RESET) refers to stm32g4xx_it.o(.text.BusFault_Handler) for BusFault_Handler
    startup_stm32g431xx.o(RESET) refers to stm32g4xx_it.o(.text.UsageFault_Handler) for UsageFault_Handler
    startup_stm32g431xx.o(RESET) refers to stm32g4xx_it.o(.text.SVC_Handler) for SVC_Handler
    startup_stm32g431xx.o(RESET) refers to stm32g4xx_it.o(.text.DebugMon_Handler) for DebugMon_Handler
    startup_stm32g431xx.o(RESET) refers to stm32g4xx_it.o(.text.PendSV_Handler) for PendSV_Handler
    startup_stm32g431xx.o(RESET) refers to stm32g4xx_it.o(.text.SysTick_Handler) for SysTick_Handler
    startup_stm32g431xx.o(RESET) refers to stm32g4xx_it.o(.text.USB_LP_IRQHandler) for USB_LP_IRQHandler
    startup_stm32g431xx.o(RESET) refers to stm32g4xx_it.o(.text.TIM2_IRQHandler) for TIM2_IRQHandler
    startup_stm32g431xx.o(RESET) refers to stm32g4xx_it.o(.text.TIM6_DAC_IRQHandler) for TIM6_DAC_IRQHandler
    startup_stm32g431xx.o(.text) refers (Special) to heapauxi.o(.text) for __use_two_region_memory
    startup_stm32g431xx.o(.text) refers to system_stm32g4xx.o(.text.SystemInit) for SystemInit
    startup_stm32g431xx.o(.text) refers to __main.o(!!!main) for __main
    startup_stm32g431xx.o(.text) refers to startup_stm32g431xx.o(HEAP) for Heap_Mem
    startup_stm32g431xx.o(.text) refers to startup_stm32g431xx.o(STACK) for Stack_Mem
    mpr.o(.text.I2C_Write) refers to i2c.o(.bss.hi2c1) for hi2c1
    mpr.o(.text.I2C_Write) refers to stm32g4xx_hal_i2c.o(.text.HAL_I2C_Mem_Write) for HAL_I2C_Mem_Write
    mpr.o(.ARM.exidx.text.I2C_Write) refers to mpr.o(.text.I2C_Write) for [Anonymous Symbol]
    mpr.o(.text.I2C_Read) refers to i2c.o(.bss.hi2c1) for hi2c1
    mpr.o(.text.I2C_Read) refers to stm32g4xx_hal_i2c.o(.text.HAL_I2C_Mem_Read) for HAL_I2C_Mem_Read
    mpr.o(.ARM.exidx.text.I2C_Read) refers to mpr.o(.text.I2C_Read) for [Anonymous Symbol]
    mpr.o(.text.MPR121_Init) refers to i2c.o(.bss.hi2c1) for hi2c1
    mpr.o(.text.MPR121_Init) refers to stm32g4xx_hal_i2c.o(.text.HAL_I2C_Mem_Write) for HAL_I2C_Mem_Write
    mpr.o(.text.MPR121_Init) refers to stm32g4xx_hal_i2c.o(.text.HAL_I2C_Mem_Read) for HAL_I2C_Mem_Read
    mpr.o(.ARM.exidx.text.MPR121_Init) refers to mpr.o(.text.MPR121_Init) for [Anonymous Symbol]
    mpr.o(.text.Read_key_value) refers to i2c.o(.bss.hi2c1) for hi2c1
    mpr.o(.text.Read_key_value) refers to stm32g4xx_hal_i2c.o(.text.HAL_I2C_Mem_Read) for HAL_I2C_Mem_Read
    mpr.o(.text.Read_key_value) refers to mpr.o(.bss..L_MergedGlobals.1) for .L_MergedGlobals.1
    mpr.o(.ARM.exidx.text.Read_key_value) refers to mpr.o(.text.Read_key_value) for [Anonymous Symbol]
    mpr.o(.text.Key_Map) refers to mpr.o(.bss..L_MergedGlobals.1) for .L_MergedGlobals.1
    mpr.o(.text.Key_Map) refers to mpr.o(.data..L_MergedGlobals) for .L_MergedGlobals
    mpr.o(.text.Key_Map) refers to main.o(.data.ws_peach) for ws_peach
    mpr.o(.text.Key_Map) refers to main.o(.bss..L_MergedGlobals) for adc_value
    mpr.o(.ARM.exidx.text.Key_Map) refers to mpr.o(.text.Key_Map) for [Anonymous Symbol]
    main.o(.text.refresh_Color) refers to main.o(.data.ws_peach) for ws_peach
    main.o(.ARM.exidx.text.refresh_Color) refers to main.o(.text.refresh_Color) for [Anonymous Symbol]
    main.o(.text.HAL_TIM_PeriodElapsedCallback) refers to tim.o(.bss.htim6) for htim6
    main.o(.text.HAL_TIM_PeriodElapsedCallback) refers to main.o(.bss.times_1s) for times_1s
    main.o(.text.HAL_TIM_PeriodElapsedCallback) refers to stm32g4xx_hal_gpio.o(.text.HAL_GPIO_TogglePin) for HAL_GPIO_TogglePin
    main.o(.text.HAL_TIM_PeriodElapsedCallback) refers to mpr.o(.text.Read_key_value) for Read_key_value
    main.o(.text.HAL_TIM_PeriodElapsedCallback) refers to mpr.o(.text.Key_Map) for Key_Map
    main.o(.text.HAL_TIM_PeriodElapsedCallback) refers to usb_device.o(.bss.hUsbDeviceFS) for hUsbDeviceFS
    main.o(.text.HAL_TIM_PeriodElapsedCallback) refers to mpr.o(.bss..L_MergedGlobals.1) for key_buffer
[...]
    [Anonymous Symbol]                       0x08007ab4   Section        0  stm32g4xx_ll_usb.o(.text.USB_DevConnect)
    [Anonymous Symbol]                       0x08007ac8   Section        0  stm32g4xx_ll_usb.o(.text.USB_DevInit)
    [Anonymous Symbol]                       0x08007ae4   Section        0  stm32g4xx_ll_usb.o(.text.USB_DisableGlobalInt)
    [Anonymous Symbol]                       0x08007af8   Section        0  stm32g4xx_ll_usb.o(.text.USB_EPClearStall)
    [Anonymous Symbol]                       0x08007b74   Section        0  stm32g4xx_ll_usb.o(.text.USB_EPSetStall)
    [Anonymous Symbol]                       0x08007ba8   Section        0  stm32g4xx_ll_usb.o(.text.USB_EPStartXfer)
    [Anonymous Symbol]                       0x08008404   Section        0  stm32g4xx_ll_usb.o(.text.USB_EnableGlobalInt)
    [Anonymous Symbol]                       0x08008418   Section        0  stm32g4xx_it.o(.text.USB_LP_IRQHandler)
    [Anonymous Symbol]                       0x08008424   Section        0  stm32g4xx_ll_usb.o(.text.USB_ReadInterrupts)
    [Anonymous Symbol]                       0x0800842c   Section        0  stm32g4xx_ll_usb.o(.text.USB_ReadPMA)
    [Anonymous Symbol]                       0x080084c8   Section        0  stm32g4xx_ll_usb.o(.text.USB_SetDevAddress)
    [Anonymous Symbol]                       0x080084d8   Section        0  stm32g4xx_ll_usb.o(.text.USB_WritePMA)
    [Anonymous Symbol]                       0x08008570   Section        0  stm32g4xx_it.o(.text.UsageFault_Handler)
    [Anonymous Symbol]                       0x08008574   Section        0  main.o(.text.main)
    $v0                                      0x0800883c   Number         0  fpinit.o(x$fpl$fpinit)
    x$fpl$fpinit                             0x0800883c   Section       26  fpinit.o(x$fpl$fpinit)
    .Lswitch.table.UART_SetConfig.4          0x08008888   Data          16  stm32g4xx_hal_uart.o(.rodata.cst16)
    UARTEx_SetNbDataToProcess.numerator      0x08008898   Data           8  stm32g4xx_hal_uart_ex.o(.rodata.cst8)
    [Anonymous Symbol]                       0x08008898   Section        0  stm32g4xx_hal_uart_ex.o(.rodata.cst8)
    UARTEx_SetNbDataToProcess.denominator    0x080088a0   Data           8  stm32g4xx_hal_uart_ex.o(.rodata.cst8)
    .L_MergedGlobals                         0x20000000   Data          46  mpr.o(.data..L_MergedGlobals)
    [Anonymous Symbol]                       0x20000000   Section        0  mpr.o(.data..L_MergedGlobals)
    .L_MergedGlobals                         0x20000030   Data           8  stm32g4xx_hal.o(.data..L_MergedGlobals)
    [Anonymous Symbol]                       0x20000030   Section        0  stm32g4xx_hal.o(.data..L_MergedGlobals)
    .L_MergedGlobals                         0x20000038   Data          75  usbd_hid.o(.data..L_MergedGlobals)
    USBD_HID_Desc                            0x20000038   Data           9  usbd_hid.o(.data..L_MergedGlobals)
    [Anonymous Symbol]                       0x20000038   Section        0  usbd_hid.o(.data..L_MergedGlobals)
    HID_MOUSE_ReportDesc                     0x20000044   Data          63  usbd_hid.o(.data..L_MergedGlobals)
    USBD_HID_CfgFSDesc                       0x200000e0   Data          34  usbd_hid.o(.data.USBD_HID_CfgFSDesc)
    [Anonymous Symbol]                       0x200000e0   Section        0  usbd_hid.o(.data.USBD_HID_CfgFSDesc)
    USBD_HID_CfgHSDesc                       0x20000104   Data          34  usbd_hid.o(.data.USBD_HID_CfgHSDesc)
    [Anonymous Symbol]                       0x20000104   Section        0  usbd_hid.o(.data.USBD_HID_CfgHSDesc)
    USBD_HID_DeviceQualifierDesc             0x2000013c   Data          10  usbd_hid.o(.data.USBD_HID_DeviceQualifierDesc)
    [Anonymous Symbol]                       0x2000013c   Section        0  usbd_hid.o(.data.USBD_HID_DeviceQualifierDesc)
    USBD_HID_OtherSpeedCfgDesc               0x20000148   Data          34  usbd_hid.o(.data.USBD_HID_OtherSpeedCfgDesc)
    [Anonymous Symbol]                       0x20000148   Section        0  usbd_hid.o(.data.USBD_HID_OtherSpeedCfgDesc)
    .bss                                     0x200001c0   Section       96  libspace.o(.bss)
    .L_MergedGlobals                         0x20000220   Data          36  main.o(.bss..L_MergedGlobals)
    [Anonymous Symbol]                       0x20000220   Section        0  main.o(.bss..L_MergedGlobals)
    .L_MergedGlobals.1                       0x20000244   Data          44  mpr.o(.bss..L_MergedGlobals.1)
    [Anonymous Symbol]                       0x20000244   Section        0  mpr.o(.bss..L_MergedGlobals.1)
    USBD_SetConfig.cfgidx                    0x20000270   Data           1  usbd_ctlreq.o(.bss.USBD_SetConfig.cfgidx)
    [Anonymous Symbol]                       0x20000270   Section        0  usbd_ctlreq.o(.bss.USBD_SetConfig.cfgidx)
    USBD_static_malloc.mem                   0x20000474   Data          20  usbd_conf.o(.bss.USBD_static_malloc.mem)
    [Anonymous Symbol]                       0x20000474   Section        0  usbd_conf.o(.bss.USBD_static_malloc.mem)
    Heap_Mem                                 0x20000cd8   Data         512  startup_stm32g431xx.o(HEAP)
    HEAP                                     0x20000cd8   Section      512  startup_stm32g431xx.o(HEAP)
    Stack_Mem                                0x20000ed8   Data        1024  startup_stm32g431xx.o(STACK)
    STACK                                    0x20000ed8   Section     1024  startup_stm32g431xx.o(STACK)
    __initial_sp                             0x200012d8   Data           0  startup_stm32g431xx.o(STACK)

    Global Symbols

    Symbol Name                              Value     Ov Type        Size  Object(Section)

    BuildAttributes$$THM_ISAv4$E$P$D$K$B$S$7EM$VFPi3$EXTD16$VFPS$VFMA$PE$A:L22UL41UL21$X:L11$S22US41US21$IEEE1$IW$~IW$USESV6$~STKCKD$USESV7$~SHL$OTIME$ROPI$EBA8$UX$STANDARDLIB$REQ8$PRES8$EABIv2 0x00000000   Number         0  anon$$obj.o ABSOLUTE
    __ARM_exceptions_init                     - Undefined Weak Reference
    __alloca_initialize                       - Undefined Weak Reference
    __arm_preinit_                            - Undefined Weak Reference
    __arm_relocate_pie_                       - Undefined Weak Reference
    __cpp_initialize__aeabi_                  - Undefined Weak Reference
    __cxa_finalize                            - Undefined Weak Reference
    __rt_locale                               - Undefined Weak Reference
    __sigvec_lookup                           - Undefined Weak Reference
    _atexit_init                              - Undefined Weak Reference
    _call_atexit_fns                          - Undefined Weak Reference
    _clock_init                               - Undefined Weak Reference
    _fp_trap_init                             - Undefined Weak Reference
    _fp_trap_shutdown                         - Undefined Weak Reference
    _get_lc_collate                           - Undefined Weak Reference
    _get_lc_ctype                             - Undefined Weak Reference
    _get_lc_monetary                          - Undefined Weak Reference
    _get_lc_numeric                           - Undefined Weak Reference
    _get_lc_time                              - Undefined Weak Reference
    _getenv_init                              - Undefined Weak Reference
    _handle_redirection                       - Undefined Weak Reference
    _init_alloc                               - Undefined Weak Reference
    _init_user_alloc                          - Undefined Weak Reference
    _initio                                   - Undefined Weak Reference
    _rand_init                                - Undefined Weak Reference
    _signal_finish                            - Undefined Weak Reference
    _signal_init                              - Undefined Weak Reference
    _terminate_alloc                          - Undefined Weak Reference
    _terminate_user_alloc                     - Undefined Weak Reference
    _terminateio                              - Undefined Weak Reference
    __Vectors_Size                           0x000001d8   Number         0  startup_stm32g431xx.o ABSOLUTE
    __Vectors                                0x08000000   Data           4  startup_stm32g431xx.o(RESET)
    __Vectors_End                            0x080001d8   Data           0  startup_stm32g431xx.o(RESET)
    __main                                   0x080001d9   Thumb Code     8  __main.o(!!!main)
    __scatterload                            0x080001e1   Thumb Code     0  __scatter.o(!!!scatter)
    __scatterload_rt2                        0x080001e1   Thumb Code    84  __scatter.o(!!!scatter)
    __scatterload_rt2_thumb_only             0x080001e1   Thumb Code     0  __scatter.o(!!!scatter)
    __scatterload_loop                       0x080001eb   Thumb Code     0  __scatter.o(!!!scatter)
    __decompress                             0x0800023d   Thumb Code    90  __dczerorl2.o(!!dczerorl2)
    __decompress1                            0x0800023d   Thumb Code     0  __dczerorl2.o(!!dczerorl2)
    __scatterload_null                       0x08000299   Thumb Code     2  __scatter.o(!!handler_null)
    __scatterload_zeroinit                   0x0800029d   Thumb Code    28  __scatter_zi.o(!!handler_zi)
    __rt_lib_init                            0x080002b9   Thumb Code     0  libinit.o(.ARM.Collect$$libinit$$00000000)
    __rt_lib_init_fp_1                       0x080002bb   Thumb Code     0  libinit2.o(.ARM.Collect$$libinit$$00000001)
    __rt_lib_init_alloca_1                   0x080002bf   Thumb Code     0  libinit2.o(.ARM.Collect$$libinit$$00000030)
    __rt_lib_init_argv_1                     0x080002bf   Thumb Code     0  libinit2.o(.ARM.Collect$$libinit$$0000002E)
    __rt_lib_init_atexit_1                   0x080002bf   Thumb Code     0  libinit2.o(.ARM.Collect$$libinit$$0000001D)
    __rt_lib_init_clock_1                    0x080002bf   Thumb Code     0  libinit2.o(.ARM.Collect$$libinit$$00000023)
    __rt_lib_init_cpp_1                      0x080002bf   Thumb Code     0  libinit2.o(.ARM.Collect$$libinit$$00000034)
    __rt_lib_init_exceptions_1               0x080002bf   Thumb Code     0  libinit2.o(.ARM.Collect$$libinit$$00000032)
    __rt_lib_init_fp_trap_1                  0x080002bf   Thumb Code     0  libinit2.o(.ARM.Collect$$libinit$$00000021)
    __rt_lib_init_getenv_1                   0x080002bf   Thumb Code     0  libinit2.o(.ARM.Collect$$libinit$$00000025)
    __rt_lib_init_heap_1                     0x080002bf   Thumb Code     0  libinit2.o(.ARM.Collect$$libinit$$0000000C)
    __rt_lib_init_lc_collate_1               0x080002bf   Thumb Code     0  libinit2.o(.ARM.Collect$$libinit$$00000013)
    __rt_lib_init_lc_ctype_1                 0x080002bf   Thumb Code     0  libinit2.o(.ARM.Collect$$libinit$$00000015)
    __rt_lib_init_lc_monetary_1              0x080002bf   Thumb Code     0  libinit2.o(.ARM.Collect$$libinit$$00000017)
    __rt_lib_init_lc_numeric_1               0x080002bf   Thumb Code     0  libinit2.o(.ARM.Collect$$libinit$$00000019)
    __rt_lib_init_lc_time_1                  0x080002bf   Thumb Code     0  libinit2.o(.ARM.Collect$$libinit$$0000001B)
    __rt_lib_init_preinit_1                  0x080002bf   Thumb Code     0  libinit2.o(.ARM.Collect$$libinit$$00000006)
    __rt_lib_init_rand_1                     0x080002bf   Thumb Code     0  libinit2.o(.ARM.Collect$$libinit$$00000010)
    __rt_lib_init_relocate_pie_1             0x080002bf   Thumb Code     0  libinit2.o(.ARM.Collect$$libinit$$00000004)
    __rt_lib_init_return                     0x080002bf   Thumb Code     0  libinit2.o(.ARM.Collect$$libinit$$00000035)
    __rt_lib_init_signal_1                   0x080002bf   Thumb Code     0  libinit2.o(.ARM.Collect$$libinit$$0000001F)
    __rt_lib_init_stdio_1                    0x080002bf   Thumb Code     0  libinit2.o(.ARM.Collect$$libinit$$00000027)
    __rt_lib_init_user_alloc_1               0x080002bf   Thumb Code     0  libinit2.o(.ARM.Collect$$libinit$$0000000E)
    __rt_lib_shutdown                        0x080002c1   Thumb Code     0  libshutdown.o(.ARM.Collect$$libshutdown$$00000000)
    __rt_lib_shutdown_cpp_1                  0x080002c3   Thumb Code     0  libshutdown2.o(.ARM.Collect$$libshutdown$$00000002)
    __rt_lib_shutdown_fp_trap_1              0x080002c3   Thumb Code     0  libshutdown2.o(.ARM.Collect$$libshutdown$$00000007)
    __rt_lib_shutdown_heap_1                 0x080002c3   Thumb Code     0  libshutdown2.o(.ARM.Collect$$libshutdown$$0000000F)
    __rt_lib_shutdown_return                 0x080002c3   Thumb Code     0  libshutdown2.o(.ARM.Collect$$libshutdown$$00000010)
    __rt_lib_shutdown_signal_1               0x080002c3   Thumb Code     0  libshutdown2.o(.ARM.Collect$$libshutdown$$0000000A)
    __rt_lib_shutdown_stdio_1                0x080002c3   Thumb Code     0  libshutdown2.o(.ARM.Collect$$libshutdown$$00000004)
    __rt_lib_shutdown_user_alloc_1           0x080002c3   Thumb Code     0  libshutdown2.o(.ARM.Collect$$libshutdown$$0000000C)
    __rt_entry                               0x080002c5   Thumb Code     0  __rtentry.o(.ARM.Collect$$rtentry$$00000000)
    __rt_entry_presh_1                       0x080002c5   Thumb Code     0  __rtentry2.o(.ARM.Collect$$rtentry$$00000002)
    __rt_entry_sh                            0x080002c5   Thumb Code     0  __rtentry4.o(.ARM.Collect$$rtentry$$00000004)
    __rt_entry_li                            0x080002cb   Thumb Code     0  __rtentry2.o(.ARM.Collect$$rtentry$$0000000A)
    __rt_entry_postsh_1                      0x080002cb   Thumb Code     0  __rtentry2.o(.ARM.Collect$$rtentry$$00000009)
    __rt_entry_main                          0x080002cf   Thumb Code     0  __rtentry2.o(.ARM.Collect$$rtentry$$0000000D)
    __rt_entry_postli_1                      0x080002cf   Thumb Code     0  __rtentry2.o(.ARM.Collect$$rtentry$$0000000C)
    __rt_exit                                0x080002d7   Thumb Code     0  rtexit.o(.ARM.Collect$$rtexit$$00000000)
    __rt_exit_ls                             0x080002d9   Thumb Code     0  rtexit2.o(.ARM.Collect$$rtexit$$00000003)
    __rt_exit_prels_1                        0x080002d9   Thumb Code     0  rtexit2.o(.ARM.Collect$$rtexit$$00000002)
    __rt_exit_exit                           0x080002dd   Thumb Code     0  rtexit2.o(.ARM.Collect$$rtexit$$00000004)
    Reset_Handler                            0x080002e5   Thumb Code     8  startup_stm32g431xx.o(.text)
    ADC1_2_IRQHandler                        0x080002ff   Thumb Code     0  startup_stm32g431xx.o(.text)
    COMP1_2_3_IRQHandler                     0x080002ff   Thumb Code     0  startup_stm32g431xx.o(.text)
    COMP4_IRQHandler                         0x080002ff   Thumb Code     0  startup_stm32g431xx.o(.text)
    CORDIC_IRQHandler                        0x080002ff   Thumb Code     0  startup_stm32g431xx.o(.text)
    CRS_IRQHandler                           0x080002ff   Thumb Code     0  startup_stm32g431xx.o(.text)
    DMA1_Channel1_IRQHandler                 0x080002ff   Thumb Code     0  startup_stm32g431xx.o(.text)
    DMA1_Channel2_IRQHandler                 0x080002ff   Thumb Code     0  startup_stm32g431xx.o(.text)
    DMA1_Channel3_IRQHandler                 0x080002ff   Thumb Code     0  startup_stm32g431xx.o(.text)
    DMA1_Channel4_IRQHandler                 0x080002ff   Thumb Code     0  startup_stm32g431xx.o(.text)
    DMA1_Channel5_IRQHandler                 0x080002ff   Thumb Code     0  startup_stm32g431xx.o(.text)
    DMA1_Channel6_IRQHandler                 0x080002ff   Thumb Code     0  startup_stm32g431xx.o(.text)
    DMA2_Channel1_IRQHandler                 0x080002ff   Thumb Code     0  startup_stm32g431xx.o(.text)
    DMA2_Channel2_IRQHandler                 0x080002ff   Thumb Code     0  startup_stm32g431xx.o(.text)
    DMA2_Channel3_IRQHandler                 0x080002ff   Thumb Code     0  startup_stm32g431xx.o(.text)
    DMA2_Channel4_IRQHandler                 0x080002ff   Thumb Code     0  startup_stm32g431xx.o(.text)
    DMA2_Channel5_IRQHandler                 0x080002ff   Thumb Code     0  startup_stm32g431xx.o(.text)
    DMA2_Channel6_IRQHandler                 0x080002ff   Thumb Code     0  startup_stm32g431xx.o(.text)
    DMAMUX_OVR_IRQHandler                    0x080002ff   Thumb Code     0  startup_stm32g431xx.o(.text)
    EXTI0_IRQHandler                         0x080002ff   Thumb Code     0  startup_stm32g431xx.o(.text)
    EXTI15_10_IRQHandler                     0x080002ff   Thumb Code     0  startup_stm32g431xx.o(.text)
    EXTI1_IRQHandler                         0x080002ff   Thumb Code     0  startup_stm32g431xx.o(.text)
    EXTI2_IRQHandler                         0x080002ff   Thumb Code     0  startup_stm32g431xx.o(.text)
    EXTI3_IRQHandler                         0x080002ff   Thumb Code     0  startup_stm32g431xx.o(.text)
    EXTI4_IRQHandler                         0x080002ff   Thumb Code     0  startup_stm32g431xx.o(.text)
    EXTI9_5_IRQHandler                       0x080002ff   Thumb Code     0  startup_stm32g431xx.o(.text)
    FDCAN1_IT0_IRQHandler                    0x080002ff   Thumb Code     0  startup_stm32g431xx.o(.text)
    FDCAN1_IT1_IRQHandler                    0x080002ff   Thumb Code     0  startup_stm32g431xx.o(.text)
    FLASH_IRQHandler                         0x080002ff   Thumb Code     0  startup_stm32g431xx.o(.text)
    FMAC_IRQHandler                          0x080002ff   Thumb Code     0  startup_stm32g431xx.o(.text)
    FPU_IRQHandler                           0x080002ff   Thumb Code     0  startup_stm32g431xx.o(.text)
    I2C1_ER_IRQHandler                       0x080002ff   Thumb Code     0  startup_stm32g431xx.o(.text)
    I2C1_EV_IRQHandler                       0x080002ff   Thumb Code     0  startup_stm32g431xx.o(.text)
    I2C2_ER_IRQHandler                       0x080002ff   Thumb Code     0  startup_stm32g431xx.o(.text)
    I2C2_EV_IRQHandler                       0x080002ff   Thumb Code     0  startup_stm32g431xx.o(.text)
    I2C3_ER_IRQHandler                       0x080002ff   Thumb Code     0  startup_stm32g431xx.o(.text)
    I2C3_EV_IRQHandler                       0x080002ff   Thumb Code     0  startup_stm32g431xx.o(.text)
    LPTIM1_IRQHandler                        0x080002ff   Thumb Code     0  startup_stm32g431xx.o(.text)
    LPUART1_IRQHandler                       0x080002ff   Thumb Code     0  startup_stm32g431xx.o(.text)
    PVD_PVM_IRQHandler                       0x080002ff   Thumb Code     0  startup_stm32g431xx.o(.text)
    RCC_IRQHandler                           0x080002ff   Thumb Code     0  startup_stm32g431xx.o(.text)
    RNG_IRQHandler                           0x080002ff   Thumb Code     0  startup_stm32g431xx.o(.text)
    RTC_Alarm_IRQHandler                     0x080002ff   Thumb Code     0  startup_stm32g431xx.o(.text)
    RTC_TAMP_LSECSS_IRQHandler               0x080002ff   Thumb Code     0  startup_stm32g431xx.o(.text)
    RTC_WKUP_IRQHandler                      0x080002ff   Thumb Code     0  startup_stm32g431xx.o(.text)
    SAI1_IRQHandler                          0x080002ff   Thumb Code     0  startup_stm32g431xx.o(.text)
    SPI1_IRQHandler                          0x080002ff   Thumb Code     0  startup_stm32g431xx.o(.text)
    SPI2_IRQHandler                          0x080002ff   Thumb Code     0  startup_stm32g431xx.o(.text)
    SPI3_IRQHandler                          0x080002ff   Thumb Code     0  startup_stm32g431xx.o(.text)
    TIM1_BRK_TIM15_IRQHandler                0x080002ff   Thumb Code     0  startup_stm32g431xx.o(.text)
    TIM1_CC_IRQHandler                       0x080002ff   Thumb Code     0  startup_stm32g431xx.o(.text)
    TIM1_TRG_COM_TIM17_IRQHandler            0x080002ff   Thumb Code     0  startup_stm32g431xx.o(.text)
    TIM1_UP_TIM16_IRQHandler                 0x080002ff   Thumb Code     0  startup_stm32g431xx.o(.text)
    TIM3_IRQHandler                          0x080002ff   Thumb Code     0  startup_stm32g431xx.o(.text)
    TIM4_IRQHandler                          0x080002ff   Thumb Code     0  startup_stm32g431xx.o(.text)
    TIM7_IRQHandler                          0x080002ff   Thumb Code     0  startup_stm32g431xx.o(.text)
    TIM8_BRK_IRQHandler                      0x080002ff   Thumb Code     0  startup_stm32g431xx.o(.text)
    TIM8_CC_IRQHandler                       0x080002ff   Thumb Code     0  startup_stm32g431xx.o(.text)
    TIM8_TRG_COM_IRQHandler                  0x080002ff   Thumb Code     0  startup_stm32g431xx.o(.text)
    TIM8_UP_IRQHandler                       0x080002ff   Thumb Code     0  startup_stm32g431xx.o(.text)
    UART4_IRQHandler                         0x080002ff   Thumb Code     0  startup_stm32g431xx.o(.text)
    UCPD1_IRQHandler                         0x080002ff   Thumb Code     0  startup_stm32g431xx.o(.text)
    USART1_IRQHandler                        0x080002ff   Thumb Code     0  startup_stm32g431xx.o(.text)
    USART2_IRQHandler                        0x080002ff   Thumb Code     0  startup_stm32g431xx.o(.text)
    USART3_IRQHandler                        0x080002ff   Thumb Code     0  startup_stm32g431xx.o(.text)
    USBWakeUp_IRQHandler                     0x080002ff   Thumb Code     0  startup_stm32g431xx.o(.text)
    USB_HP_IRQHandler                        0x080002ff   Thumb Code     0  startup_stm32g431xx.o(.text)
    WWDG_IRQHandler                          0x080002ff   Thumb Code     0  startup_stm32g431xx.o(.text)
    __user_initial_stackheap                 0x08000301   Thumb Code     0  startup_stm32g431xx.o(.text)
    __aeabi_uldivmod                         0x08000325   Thumb Code     0  lludivv7m.o(.text)
    _ll_udiv                                 0x08000325   Thumb Code   240  lludivv7m.o(.text)
    __aeabi_memclr4                          0x08000415   Thumb Code     0  rt_memclr_w.o(.text)
    __aeabi_memclr8                          0x08000415   Thumb Code     0  rt_memclr_w.o(.text)
    __rt_memclr_w                            0x08000415   Thumb Code     0  rt_memclr_w.o(.text)
    _memset_w                                0x08000419   Thumb Code    74  rt_memclr_w.o(.text)
    __use_two_region_memory                  0x08000463   Thumb Code     2  heapauxi.o(.text)
    __rt_heap_escrow$2region                 0x08000465   Thumb Code     2  heapauxi.o(.text)
    __rt_heap_expand$2region                 0x08000467   Thumb Code     2  heapauxi.o(.text)
    __user_setup_stackheap                   0x08000469   Thumb Code    74  sys_stackheap_outer.o(.text)
    exit                                     0x080004b3   Thumb Code    18  exit.o(.text)
    __user_libspace                          0x080004c5   Thumb Code     8  libspace.o(.text)
    __user_perproc_libspace                  0x080004c5   Thumb Code     0  libspace.o(.text)
    __user_perthread_libspace                0x080004c5   Thumb Code     0  libspace.o(.text)
    _sys_exit                                0x080004cd   Thumb Code     8  sys_exit.o(.text)
    __I$use$semihosting                      0x080004d9   Thumb Code     0  use_no_semi.o(.text)
    __use_no_semihosting_swi                 0x080004d9   Thumb Code     2  use_no_semi.o(.text)
    __semihosting_library_function           0x080004db   Thumb Code     0  indicate_semi.o(.text)
    ADC_ConversionStop                       0x080004dd   Thumb Code   400  stm32g4xx_hal_adc.o(.text.ADC_ConversionStop)
    ADC_Enable                               0x0800066d   Thumb Code   246  stm32g4xx_hal_adc.o(.text.ADC_Enable)
    BusFault_Handler                         0x08000765   Thumb Code     2  stm32g4xx_it.o(.text.BusFault_Handler)
    DebugMon_Handler                         0x08000769   Thumb Code     2  stm32g4xx_it.o(.text.DebugMon_Handler)
    Error_Handler                            0x0800076d   Thumb Code    10  main.o(.text.Error_Handler)
    HAL_ADCEx_MultiModeConfigChannel         0x08000779   Thumb Code   184  stm32g4xx_hal_adc_ex.o(.text.HAL_ADCEx_MultiModeConfigChannel)
    HAL_ADC_ConfigChannel                    0x08000831   Thumb Code   922  stm32g4xx_hal_adc.o(.text.HAL_ADC_ConfigChannel)
    HAL_ADC_GetValue                         0x08000bcd   Thumb Code     6  stm32g4xx_hal_adc.o(.text.HAL_ADC_GetValue)
    HAL_ADC_Init                             0x08000bd5   Thumb Code   550  stm32g4xx_hal_adc.o(.text.HAL_ADC_Init)
    HAL_ADC_MspInit                          0x08000dfd   Thumb Code   178  adc.o(.text.HAL_ADC_MspInit)
    HAL_ADC_PollForConversion                0x08000eb1   Thumb Code   338  stm32g4xx_hal_adc.o(.text.HAL_ADC_PollForConversion)
    HAL_ADC_Start                            0x08001005   Thumb Code   236  stm32g4xx_hal_adc.o(.text.HAL_ADC_Start)
    HAL_ADC_Stop                             0x080010f1   Thumb Code   180  stm32g4xx_hal_adc.o(.text.HAL_ADC_Stop)
    HAL_GPIO_Init                            0x080011a5   Thumb Code   434  stm32g4xx_hal_gpio.o(.text.HAL_GPIO_Init)
    HAL_GPIO_TogglePin                       0x08001359   Thumb Code    16  stm32g4xx_hal_gpio.o(.text.HAL_GPIO_TogglePin)
    HAL_GPIO_WritePin                        0x08001369   Thumb Code    12  stm32g4xx_hal_gpio.o(.text.HAL_GPIO_WritePin)
    HAL_GetTick                              0x08001375   Thumb Code    12  stm32g4xx_hal.o(.text.HAL_GetTick)
    HAL_I2CEx_ConfigAnalogFilter             0x08001381   Thumb Code    74  stm32g4xx_hal_i2c_ex.o(.text.HAL_I2CEx_ConfigAnalogFilter)
    HAL_I2CEx_ConfigDigitalFilter            0x080013cd   Thumb Code    72  stm32g4xx_hal_i2c_ex.o(.text.HAL_I2CEx_ConfigDigitalFilter)
    HAL_I2C_Init                             0x08001415   Thumb Code   176  stm32g4xx_hal_i2c.o(.text.HAL_I2C_Init)
    HAL_I2C_Mem_Read                         0x080014c5   Thumb Code   580  stm32g4xx_hal_i2c.o(.text.HAL_I2C_Mem_Read)
    HAL_I2C_Mem_Write                        0x08001709   Thumb Code   572  stm32g4xx_hal_i2c.o(.text.HAL_I2C_Mem_Write)
    HAL_I2C_MspInit                          0x08001945   Thumb Code   198  i2c.o(.text.HAL_I2C_MspInit)
    HAL_IncTick                              0x08001a0d   Thumb Code    26  stm32g4xx_hal.o(.text.HAL_IncTick)
    HAL_Init                                 0x08001a29   Thumb Code    30  stm32g4xx_hal.o(.text.HAL_Init)
    HAL_InitTick                             0x08001a49   Thumb Code    80  stm32g4xx_hal.o(.text.HAL_InitTick)
    HAL_MspInit                              0x08001a99   Thumb Code    52  stm32g4xx_hal_msp.o(.text.HAL_MspInit)
    HAL_NVIC_EnableIRQ                       0x08001acd   Thumb Code    34  stm32g4xx_hal_cortex.o(.text.HAL_NVIC_EnableIRQ)
    HAL_NVIC_SetPriority                     0x08001af1   Thumb Code    86  stm32g4xx_hal_cortex.o(.text.HAL_NVIC_SetPriority)
    HAL_NVIC_SetPriorityGrouping             0x08001b49   Thumb Code    32  stm32g4xx_hal_cortex.o(.text.HAL_NVIC_SetPriorityGrouping)
    HAL_PCDEx_ActivateLPM                    0x08001b69   Thumb Code    42  stm32g4xx_hal_pcd_ex.o(.text.HAL_PCDEx_ActivateLPM)
    HAL_PCDEx_LPM_Callback                   0x08001b95   Thumb Code    82  usbd_conf.o(.text.HAL_PCDEx_LPM_Callback)
    HAL_PCDEx_PMAConfig                      0x08001be9   Thumb Code    76  stm32g4xx_hal_pcd_ex.o(.text.HAL_PCDEx_PMAConfig)
    HAL_PCD_DataInStageCallback              0x08001c35   Thumb Code    20  usbd_conf.o(.text.HAL_PCD_DataInStageCallback)
    HAL_PCD_DataOutStageCallback             0x08001c49   Thumb Code    22  usbd_conf.o(.text.HAL_PCD_DataOutStageCallback)
    HAL_PCD_EP_Close                         0x08001c61   Thumb Code    78  stm32g4xx_hal_pcd.o(.text.HAL_PCD_EP_Close)
    HAL_PCD_EP_ClrStall                      0x08001cb1   Thumb Code   100  stm32g4xx_hal_pcd.o(.text.HAL_PCD_EP_ClrStall)
    HAL_PCD_EP_Open                          0x08001d15   Thumb Code    90  stm32g4xx_hal_pcd.o(.text.HAL_PCD_EP_Open)
    HAL_PCD_EP_Receive                       0x08001d71   Thumb Code    50  stm32g4xx_hal_pcd.o(.text.HAL_PCD_EP_Receive)
    HAL_PCD_EP_SetStall                      0x08001da5   Thumb Code   104  stm32g4xx_hal_pcd.o(.text.HAL_PCD_EP_SetStall)
    HAL_PCD_EP_Transmit                      0x08001e0d   Thumb Code    54  stm32g4xx_hal_pcd.o(.text.HAL_PCD_EP_Transmit)
    HAL_PCD_IRQHandler                       0x08001e45   Thumb Code  2362  stm32g4xx_hal_pcd.o(.text.HAL_PCD_IRQHandler)
    HAL_PCD_Init                             0x08002781   Thumb Code   540  stm32g4xx_hal_pcd.o(.text.HAL_PCD_Init)
    HAL_PCD_MspInit                          0x0800299d   Thumb Code   102  usbd_conf.o(.text.HAL_PCD_MspInit)
    HAL_PCD_ResetCallback                    0x08002a05   Thumb Code    36  usbd_conf.o(.text.HAL_PCD_ResetCallback)
    HAL_PCD_ResumeCallback                   0x08002a29   Thumb Code    40  usbd_conf.o(.text.HAL_PCD_ResumeCallback)
    HAL_PCD_SOFCallback                      0x08002a51   Thumb Code     8  usbd_conf.o(.text.HAL_PCD_SOFCallback)
    HAL_PCD_SetAddress                       0x08002a59   Thumb Code    40  stm32g4xx_hal_pcd.o(.text.HAL_PCD_SetAddress)
    HAL_PCD_SetupStageCallback               0x08002a81   Thumb Code    14  usbd_conf.o(.text.HAL_PCD_SetupStageCallback)
    HAL_PCD_Start                            0x08002a91   Thumb Code    44  stm32g4xx_hal_pcd.o(.text.HAL_PCD_Start)
    HAL_PCD_SuspendCallback                  0x08002abd   Thumb Code    38  usbd_conf.o(.text.HAL_PCD_SuspendCallback)
    HAL_PWREx_ControlVoltageScaling          0x08002ae5   Thumb Code   270  stm32g4xx_hal_pwr_ex.o(.text.HAL_PWREx_ControlVoltageScaling)
    HAL_PWREx_DisableUCPDDeadBattery         0x08002bf5   Thumb Code    18  stm32g4xx_hal_pwr_ex.o(.text.HAL_PWREx_DisableUCPDDeadBattery)
    HAL_RCCEx_PeriphCLKConfig                0x08002c09   Thumb Code   618  stm32g4xx_hal_rcc_ex.o(.text.HAL_RCCEx_PeriphCLKConfig)
    HAL_RCC_ClockConfig                      0x08002e75   Thumb Code   772  stm32g4xx_hal_rcc.o(.text.HAL_RCC_ClockConfig)
    HAL_RCC_GetPCLK1Freq                     0x08003179   Thumb Code    42  stm32g4xx_hal_rcc.o(.text.HAL_RCC_GetPCLK1Freq)
    HAL_RCC_GetPCLK2Freq                     0x080031a5   Thumb Code    42  stm32g4xx_hal_rcc.o(.text.HAL_RCC_GetPCLK2Freq)
    HAL_RCC_GetSysClockFreq                  0x080031d1   Thumb Code   130  stm32g4xx_hal_rcc.o(.text.HAL_RCC_GetSysClockFreq)
    HAL_RCC_OscConfig                        0x08003255   Thumb Code  1230  stm32g4xx_hal_rcc.o(.text.HAL_RCC_OscConfig)
    HAL_SPI_Init                             0x08003725   Thumb Code   228  stm32g4xx_hal_spi.o(.text.HAL_SPI_Init)
    HAL_SPI_MspInit                          0x08003809   Thumb Code   116  spi.o(.text.HAL_SPI_MspInit)
    HAL_SYSTICK_Config                       0x0800387d   Thumb Code    44  stm32g4xx_hal_cortex.o(.text.HAL_SYSTICK_Config)
    HAL_TIMEx_Break2Callback                 0x080038a9   Thumb Code     2  stm32g4xx_hal_tim_ex.o(.text.HAL_TIMEx_Break2Callback)
    HAL_TIMEx_BreakCallback                  0x080038ad   Thumb Code     2  stm32g4xx_hal_tim_ex.o(.text.HAL_TIMEx_BreakCallback)
    HAL_TIMEx_CommutCallback                 0x080038b1   Thumb Code     2  stm32g4xx_hal_tim_ex.o(.text.HAL_TIMEx_CommutCallback)
    HAL_TIMEx_ConfigBreakDeadTime            0x080038b5   Thumb Code   200  stm32g4xx_hal_tim_ex.o(.text.HAL_TIMEx_ConfigBreakDeadTime)
    HAL_TIMEx_DirectionChangeCallback        0x0800397d   Thumb Code     2  stm32g4xx_hal_tim_ex.o(.text.HAL_TIMEx_DirectionChangeCallback)
    HAL_TIMEx_EncoderIndexCallback           0x08003981   Thumb Code     2  stm32g4xx_hal_tim_ex.o(.text.HAL_TIMEx_EncoderIndexCallback)
    HAL_TIMEx_IndexErrorCallback             0x08003985   Thumb Code     2  stm32g4xx_hal_tim_ex.o(.text.HAL_TIMEx_IndexErrorCallback)
    HAL_TIMEx_MasterConfigSynchronization    0x08003989   Thumb Code   166  stm32g4xx_hal_tim_ex.o(.text.HAL_TIMEx_MasterConfigSynchronization)
    HAL_TIMEx_TransitionErrorCallback        0x08003a31   Thumb Code     2  stm32g4xx_hal_tim_ex.o(.text.HAL_TIMEx_TransitionErrorCallback)
    HAL_TIM_Base_Init                        0x08003a35   Thumb Code    98  stm32g4xx_hal_tim.o(.text.HAL_TIM_Base_Init)
    HAL_TIM_Base_MspInit                     0x08003a99   Thumb Code   164  tim.o(.text.HAL_TIM_Base_MspInit)
    HAL_TIM_Base_Start_IT                    0x08003b3d   Thumb Code   146  stm32g4xx_hal_tim.o(.text.HAL_TIM_Base_Start_IT)
    HAL_TIM_ConfigClockSource                0x08003bd1   Thumb Code   516  stm32g4xx_hal_tim.o(.text.HAL_TIM_ConfigClockSource)
    HAL_TIM_IC_CaptureCallback               0x08003dd5   Thumb Code     2  stm32g4xx_hal_tim.o(.text.HAL_TIM_IC_CaptureCallback)
    HAL_TIM_IRQHandler                       0x08003dd9   Thumb Code   460  stm32g4xx_hal_tim.o(.text.HAL_TIM_IRQHandler)
    HAL_TIM_OC_DelayElapsedCallback          0x08003fa5   Thumb Code     2  stm32g4xx_hal_tim.o(.text.HAL_TIM_OC_DelayElapsedCallback)
    HAL_TIM_PWM_ConfigChannel                0x08003fa9   Thumb Code   968  stm32g4xx_hal_tim.o(.text.HAL_TIM_PWM_ConfigChannel)
    HAL_TIM_PWM_Init                         0x08004371   Thumb Code    98  stm32g4xx_hal_tim.o(.text.HAL_TIM_PWM_Init)
    HAL_TIM_PWM_MspInit                      0x080043d5   Thumb Code     2  stm32g4xx_hal_tim.o(.text.HAL_TIM_PWM_MspInit)
    HAL_TIM_PWM_PulseFinishedCallback        0x080043d9   Thumb Code     2  stm32g4xx_hal_tim.o(.text.HAL_TIM_PWM_PulseFinishedCallback)
    HAL_TIM_PeriodElapsedCallback            0x080043dd   Thumb Code   100  main.o(.text.HAL_TIM_PeriodElapsedCallback)
    HAL_TIM_SlaveConfigSynchro               0x08004441   Thumb Code    88  stm32g4xx_hal_tim.o(.text.HAL_TIM_SlaveConfigSynchro)
    HAL_TIM_TriggerCallback                  0x08004499   Thumb Code     2  stm32g4xx_hal_tim.o(.text.HAL_TIM_TriggerCallback)
    HAL_UARTEx_DisableFifoMode               0x0800449d   Thumb Code    54  stm32g4xx_hal_uart_ex.o(.text.HAL_UARTEx_DisableFifoMode)
    HAL_UARTEx_SetRxFifoThreshold            0x080044d5   Thumb Code   140  stm32g4xx_hal_uart_ex.o(.text.HAL_UARTEx_SetRxFifoThreshold)
    HAL_UARTEx_SetTxFifoThreshold            0x08004561   Thumb Code   140  stm32g4xx_hal_uart_ex.o(.text.HAL_UARTEx_SetTxFifoThreshold)
    HAL_UART_Init                            0x080045ed   Thumb Code   100  stm32g4xx_hal_uart.o(.text.HAL_UART_Init)
    HAL_UART_MspInit                         0x08004651   Thumb Code   148  usart.o(.text.HAL_UART_MspInit)
    HardFault_Handler                        0x080046e5   Thumb Code     2  stm32g4xx_it.o(.text.HardFault_Handler)
    Key_Map                                  0x08004a3d   Thumb Code  1492  mpr.o(.text.Key_Map)
    MPR121_Init                              0x08005011   Thumb Code  1506  mpr.o(.text.MPR121_Init)
    MX_ADC1_Init                             0x080055f5   Thumb Code   354  adc.o(.text.MX_ADC1_Init)
    MX_GPIO_Init                             0x08005759   Thumb Code   248  gpio.o(.text.MX_GPIO_Init)
    MX_I2C1_Init                             0x08005851   Thumb Code   108  i2c.o(.text.MX_I2C1_Init)
    MX_LPUART1_UART_Init                     0x080058bd   Thumb Code   132  usart.o(.text.MX_LPUART1_UART_Init)
    MX_SPI2_Init                             0x08005941   Thumb Code    86  spi.o(.text.MX_SPI2_Init)
    MX_TIM1_Init                             0x08005999   Thumb Code   348  tim.o(.text.MX_TIM1_Init)
    MX_TIM2_Init                             0x08005af5   Thumb Code   116  tim.o(.text.MX_TIM2_Init)
    MX_TIM6_Init                             0x08005b69   Thumb Code    82  tim.o(.text.MX_TIM6_Init)
    MX_USB_Device_Init                       0x08005bbd   Thumb Code    86  usb_device.o(.text.MX_USB_Device_Init)
    MemManage_Handler                        0x08005c15   Thumb Code     2  stm32g4xx_it.o(.text.MemManage_Handler)
    NMI_Handler                              0x08005c19   Thumb Code     2  stm32g4xx_it.o(.text.NMI_Handler)
    PendSV_Handler                           0x08005c1d   Thumb Code     2  stm32g4xx_it.o(.text.PendSV_Handler)
    Read_key_value                           0x08005c21   Thumb Code   170  mpr.o(.text.Read_key_value)
    SVC_Handler                              0x08005ccd   Thumb Code     2  stm32g4xx_it.o(.text.SVC_Handler)
    SysTick_Handler                          0x08005cd1   Thumb Code     4  stm32g4xx_it.o(.text.SysTick_Handler)
    SystemClock_Config                       0x08005cd5   Thumb Code   120  main.o(.text.SystemClock_Config)
    SystemInit                               0x08005d4d   Thumb Code    18  system_stm32g4xx.o(.text.SystemInit)
    TIM2_IRQHandler                          0x08005d61   Thumb Code    12  stm32g4xx_it.o(.text.TIM2_IRQHandler)
    TIM6_DAC_IRQHandler                      0x08005d6d   Thumb Code    12  stm32g4xx_it.o(.text.TIM6_DAC_IRQHandler)
    TIM_Base_SetConfig                       0x08005d79   Thumb Code   308  stm32g4xx_hal_tim.o(.text.TIM_Base_SetConfig)
    UART_AdvFeatureConfig                    0x08006011   Thumb Code   230  stm32g4xx_hal_uart.o(.text.UART_AdvFeatureConfig)
    UART_CheckIdleState                      0x080060f9   Thumb Code   362  stm32g4xx_hal_uart.o(.text.UART_CheckIdleState)
    UART_SetConfig                           0x08006265   Thumb Code   648  stm32g4xx_hal_uart.o(.text.UART_SetConfig)
    UART_WaitOnFlagUntilTimeout              0x080064fd   Thumb Code   822  stm32g4xx_hal_uart.o(.text.UART_WaitOnFlagUntilTimeout)
    USBD_ClrClassConfig                      0x08006835   Thumb Code    20  usbd_core.o(.text.USBD_ClrClassConfig)
    USBD_CtlContinueRx                       0x08006849   Thumb Code    16  usbd_ioreq.o(.text.USBD_CtlContinueRx)
    USBD_CtlContinueSendData                 0x08006859   Thumb Code    16  usbd_ioreq.o(.text.USBD_CtlContinueSendData)
    USBD_CtlError                            0x08006869   Thumb Code    22  usbd_ctlreq.o(.text.USBD_CtlError)
    USBD_CtlReceiveStatus                    0x08006881   Thumb Code    22  usbd_ioreq.o(.text.USBD_CtlReceiveStatus)
    USBD_CtlSendData                         0x08006899   Thumb Code    26  usbd_ioreq.o(.text.USBD_CtlSendData)
    USBD_CtlSendStatus                       0x080068b5   Thumb Code    22  usbd_ioreq.o(.text.USBD_CtlSendStatus)
    USBD_GetString                           0x080068cd   Thumb Code   218  usbd_ctlreq.o(.text.USBD_GetString)
    USBD_HID_ConfigStrDescriptor             0x080069a9   Thumb Code    24  usbd_desc.o(.text.USBD_HID_ConfigStrDescriptor)
    USBD_HID_DeviceDescriptor                0x080069f9   Thumb Code    14  usbd_desc.o(.text.USBD_HID_DeviceDescriptor)
    USBD_HID_InterfaceStrDescriptor          0x08006a81   Thumb Code    24  usbd_desc.o(.text.USBD_HID_InterfaceStrDescriptor)
    USBD_HID_LangIDStrDescriptor             0x08006aa9   Thumb Code    14  usbd_desc.o(.text.USBD_HID_LangIDStrDescriptor)
    USBD_HID_ManufacturerStrDescriptor       0x08006ab9   Thumb Code    24  usbd_desc.o(.text.USBD_HID_ManufacturerStrDescriptor)
    USBD_HID_ProductStrDescriptor            0x08006ae5   Thumb Code    24  usbd_desc.o(.text.USBD_HID_ProductStrDescriptor)
    USBD_HID_SendReport                      0x08006b15   Thumb Code    50  usbd_hid.o(.text.USBD_HID_SendReport)
    USBD_HID_SerialStrDescriptor             0x08006b49   Thumb Code   368  usbd_desc.o(.text.USBD_HID_SerialStrDescriptor)
    USBD_Init                                0x08006db9   Thumb Code    42  usbd_core.o(.text.USBD_Init)
    USBD_LL_ClearStallEP                     0x08006de5   Thumb Code    34  usbd_conf.o(.text.USBD_LL_ClearStallEP)
    USBD_LL_CloseEP                          0x08006e09   Thumb Code    34  usbd_conf.o(.text.USBD_LL_CloseEP)
    USBD_LL_DataInStage                      0x08006e2d   Thumb Code   168  usbd_core.o(.text.USBD_LL_DataInStage)
    USBD_LL_DataOutStage                     0x08006ed5   Thumb Code   102  usbd_core.o(.text.USBD_LL_DataOutStage)
    USBD_LL_Init                             0x08006f3d   Thumb Code   104  usbd_conf.o(.text.USBD_LL_Init)
    USBD_LL_IsStallEP                        0x08006fa5   Thumb Code    42  usbd_conf.o(.text.USBD_LL_IsStallEP)
    USBD_LL_OpenEP                           0x08006fd1   Thumb Code    40  usbd_conf.o(.text.USBD_LL_OpenEP)
    USBD_LL_PrepareReceive                   0x08006ff9   Thumb Code    34  usbd_conf.o(.text.USBD_LL_PrepareReceive)
    USBD_LL_Reset                            0x0800701d   Thumb Code   104  usbd_core.o(.text.USBD_LL_Reset)
    USBD_LL_Resume                           0x08007085   Thumb Code    20  usbd_core.o(.text.USBD_LL_Resume)
    USBD_LL_SOF                              0x08007099   Thumb Code    36  usbd_core.o(.text.USBD_LL_SOF)
    USBD_LL_SetSpeed                         0x080070bd   Thumb Code     8  usbd_core.o(.text.USBD_LL_SetSpeed)
    USBD_LL_SetUSBAddress                    0x080070c5   Thumb Code    34  usbd_conf.o(.text.USBD_LL_SetUSBAddress)
    USBD_LL_SetupStage                       0x080070e9   Thumb Code    98  usbd_core.o(.text.USBD_LL_SetupStage)
    USBD_LL_StallEP                          0x0800714d   Thumb Code    34  usbd_conf.o(.text.USBD_LL_StallEP)
    USBD_LL_Start                            0x08007171   Thumb Code    34  usbd_conf.o(.text.USBD_LL_Start)
    USBD_LL_Suspend                          0x08007195   Thumb Code    20  usbd_core.o(.text.USBD_LL_Suspend)
    USBD_LL_Transmit                         0x080071a9   Thumb Code    34  usbd_conf.o(.text.USBD_LL_Transmit)
    USBD_ParseSetupRequest                   0x080071cd   Thumb Code    22  usbd_ctlreq.o(.text.USBD_ParseSetupRequest)
    USBD_RegisterClass                       0x080071e5   Thumb Code    46  usbd_core.o(.text.USBD_RegisterClass)
    USBD_SetClassConfig                      0x08007215   Thumb Code    16  usbd_core.o(.text.USBD_SetClassConfig)
    USBD_Start                               0x08007225   Thumb Code     4  usbd_core.o(.text.USBD_Start)
    USBD_StdDevReq                           0x08007229   Thumb Code   884  usbd_ctlreq.o(.text.USBD_StdDevReq)
    USBD_StdEPReq                            0x0800759d   Thumb Code   324  usbd_ctlreq.o(.text.USBD_StdEPReq)
    USBD_StdItfReq                           0x080076e1   Thumb Code    98  usbd_ctlreq.o(.text.USBD_StdItfReq)
    USBD_static_free                         0x08007745   Thumb Code     2  usbd_conf.o(.text.USBD_static_free)
    USBD_static_malloc                       0x08007749   Thumb Code    10  usbd_conf.o(.text.USBD_static_malloc)
    USB_ActivateEndpoint                     0x08007755   Thumb Code   634  stm32g4xx_ll_usb.o(.text.USB_ActivateEndpoint)
    USB_DeactivateEndpoint                   0x080079d1   Thumb Code   226  stm32g4xx_ll_usb.o(.text.USB_DeactivateEndpoint)
    USB_DevConnect                           0x08007ab5   Thumb Code    18  stm32g4xx_ll_usb.o(.text.USB_DevConnect)
    USB_DevInit                              0x08007ac9   Thumb Code    26  stm32g4xx_ll_usb.o(.text.USB_DevInit)
    USB_DisableGlobalInt                     0x08007ae5   Thumb Code    20  stm32g4xx_ll_usb.o(.text.USB_DisableGlobalInt)
    USB_EPClearStall                         0x08007af9   Thumb Code   124  stm32g4xx_ll_usb.o(.text.USB_EPClearStall)
    USB_EPSetStall                           0x08007b75   Thumb Code    50  stm32g4xx_ll_usb.o(.text.USB_EPSetStall)
    USB_EPStartXfer                          0x08007ba9   Thumb Code  2138  stm32g4xx_ll_usb.o(.text.USB_EPStartXfer)
    USB_EnableGlobalInt                      0x08008405   Thumb Code    18  stm32g4xx_ll_usb.o(.text.USB_EnableGlobalInt)
    USB_LP_IRQHandler                        0x08008419   Thumb Code    12  stm32g4xx_it.o(.text.USB_LP_IRQHandler)
    USB_ReadInterrupts                       0x08008425   Thumb Code     6  stm32g4xx_ll_usb.o(.text.USB_ReadInterrupts)
    USB_ReadPMA                              0x0800842d   Thumb Code   156  stm32g4xx_ll_usb.o(.text.USB_ReadPMA)
    USB_SetDevAddress                        0x080084c9   Thumb Code    14  stm32g4xx_ll_usb.o(.text.USB_SetDevAddress)
    USB_WritePMA                             0x080084d9   Thumb Code   150  stm32g4xx_ll_usb.o(.text.USB_WritePMA)
    UsageFault_Handler                       0x08008571   Thumb Code     2  stm32g4xx_it.o(.text.UsageFault_Handler)
    main                                     0x08008575   Thumb Code   712  main.o(.text.main)
    _fp_init                                 0x0800883d   Thumb Code    26  fpinit.o(x$fpl$fpinit)
    __fplib_config_fpu_vfp                   0x08008855   Thumb Code     0  fpinit.o(x$fpl$fpinit)
    __fplib_config_pureend_doubles           0x08008855   Thumb Code     0  fpinit.o(x$fpl$fpinit)
    AHBPrescTable                            0x08008856   Data          16  system_stm32g4xx.o(.rodata.AHBPrescTable)
    APBPrescTable                            0x08008866   Data           8  system_stm32g4xx.o(.rodata.APBPrescTable)
    UARTPrescTable                           0x0800886e   Data          24  stm32g4xx_hal_uart.o(.rodata.UARTPrescTable)
    Region$$Table$$Base                      0x080088a8   Number         0  anon$$obj.o(Region$$Table)
    Region$$Table$$Limit                     0x080088c8   Number         0  anon$$obj.o(Region$$Table)
    ir_keycode                               0x20000000   Data           6  mpr.o(.data..L_MergedGlobals)
    maskcode                                 0x20000006   Data           8  mpr.o(.data..L_MergedGlobals)
    keycodeA                                 0x2000000e   Data           8  mpr.o(.data..L_MergedGlobals)
    keycodeB                                 0x20000016   Data           8  mpr.o(.data..L_MergedGlobals)
    keycodeC                                 0x2000001e   Data           8  mpr.o(.data..L_MergedGlobals)
    keycodeD                                 0x20000026   Data           8  mpr.o(.data..L_MergedGlobals)
    uwTickPrio                               0x20000030   Data           4  stm32g4xx_hal.o(.data..L_MergedGlobals)
    uwTickFreq                               0x20000034   Data           4  stm32g4xx_hal.o(.data..L_MergedGlobals)
    HID_Desc                                 0x20000084   Data          32  usbd_desc.o(.data.HID_Desc)
    SystemCoreClock                          0x200000a4   Data           4  system_stm32g4xx.o(.data.SystemCoreClock)
    USBD_HID                                 0x200000a8   Data          56  usbd_hid.o(.data.USBD_HID)
    USBD_HID_DeviceDesc                      0x20000128   Data          18  usbd_desc.o(.data.USBD_HID_DeviceDesc)
    USBD_LangIDDesc                          0x2000016c   Data           4  usbd_desc.o(.data.USBD_LangIDDesc)
    USBD_StringSerial                        0x20000170   Data          26  usbd_desc.o(.data.USBD_StringSerial)
    ws_peach                                 0x2000018a   Data          48  main.o(.data.ws_peach)
    __libspace_start                         0x200001c0   Data          96  libspace.o(.bss)
    __temporary_stack_top$libspace           0x20000220   Data           0  libspace.o(.bss)
    refresh_flag                             0x20000220   Data           1  main.o(.bss..L_MergedGlobals)
    adc_value                                0x20000222   Data          12  main.o(.bss..L_MergedGlobals)
    my_data                                  0x20000230   Data          20  main.o(.bss..L_MergedGlobals)
    touchA_status                            0x20000244   Data           1  mpr.o(.bss..L_MergedGlobals.1)
    touchB_status                            0x20000245   Data           1  mpr.o(.bss..L_MergedGlobals.1)
    touchC_status                            0x20000246   Data           1  mpr.o(.bss..L_MergedGlobals.1)
    touchD_status                            0x20000247   Data           1  mpr.o(.bss..L_MergedGlobals.1)
    key_buffer                               0x20000248   Data          40  mpr.o(.bss..L_MergedGlobals.1)
    USBD_StrDesc                             0x20000274   Data         512  usbd_desc.o(.bss.USBD_StrDesc)
    hUsbDeviceFS                             0x20000488   Data         720  usb_device.o(.bss.hUsbDeviceFS)
    hadc1                                    0x20000758   Data         108  adc.o(.bss.hadc1)
    hi2c1                                    0x200007c4   Data          84  i2c.o(.bss.hi2c1)
    hlpuart1                                 0x20000818   Data         148  usart.o(.bss.hlpuart1)
    hpcd_USB_FS                              0x200008ac   Data         732  usbd_conf.o(.bss.hpcd_USB_FS)
    hspi2                                    0x20000b88   Data         100  spi.o(.bss.hspi2)
    htim1                                    0x20000bec   Data          76  tim.o(.bss.htim1)
    htim2                                    0x20000c38   Data          76  tim.o(.bss.htim2)
    htim6                                    0x20000c84   Data          76  tim.o(.bss.htim6)
    times_1s                                 0x20000cd0   Data           1  main.o(.bss.times_1s)
    uwTick                                   0x20000cd4   Data           4  stm32g4xx_hal.o(.bss.uwTick)



==============================================================================

Memory Map of the image

  Image Entry point : 0x080001d9

  Load Region LR_IROM1 (Base: 0x08000000, Size: 0x00008a88, Max: 0x00020000, ABSOLUTE, COMPRESSED[0x000089c8])

    Execution Region ER_IROM1 (Exec base: 0x08000000, Load base: 0x08000000, Size: 0x000088c8, Max: 0x00020000, ABSOLUTE)

    Exec Addr    Load Addr    Size         Type   Attr      Idx    E Section Name        Object

    0x08000000   0x08000000   0x000001d8   Data   RO            3    RESET               startup_stm32g431xx.o
    0x080001d8   0x080001d8   0x00000008   Code   RO         2091  * !!!main             c_w.l(__main.o)
    0x080001e0   0x080001e0   0x0000005c   Code   RO         2268    !!!scatter          c_w.l(__scatter.o)
    0x0800023c   0x0800023c   0x0000005a   Code   RO         2266    !!dczerorl2         c_w.l(__dczerorl2.o)
    0x08000296   0x08000296   0x00000002   PAD
    0x08000298   0x08000298   0x00000002   Code   RO         2269    !!handler_null      c_w.l(__scatter.o)
    0x0800029a   0x0800029a   0x00000002   PAD
    0x0800029c   0x0800029c   0x0000001c   Code   RO         2272    !!handler_zi        c_w.l(__scatter_zi.o)
    0x080002b8   0x080002b8   0x00000002   Code   RO         2128    .ARM.Collect$$libinit$$00000000  c_w.l(libinit.o)
    0x080002ba   0x080002ba   0x00000004   Code   RO         2140    .ARM.Collect$$libinit$$00000001  c_w.l(libinit2.o)
    0x080002be   0x080002be   0x00000000   Code   RO         2143    .ARM.Collect$$libinit$$00000004  c_w.l(libinit2.o)
    0x080002be   0x080002be   0x00000000   Code   RO         2145    .ARM.Collect$$libinit$$00000006  c_w.l(libinit2.o)
    0x080002be   0x080002be   0x00000000   Code   RO         2148    .ARM.Collect$$libinit$$0000000C  c_w.l(libinit2.o)
    0x080002be   0x080002be   0x00000000   Code   RO         2150    .ARM.Collect$$libinit$$0000000E  c_w.l(libinit2.o)
    0x080002be   0x080002be   0x00000000   Code   RO         2152    .ARM.Collect$$libinit$$00000010  c_w.l(libinit2.o)
    0x080002be   0x080002be   0x00000000   Code   RO         2155    .ARM.Collect$$libinit$$00000013  c_w.l(libinit2.o)
    0x080002be   0x080002be   0x00000000   Code   RO         2157    .ARM.Collect$$libinit$$00000015  c_w.l(libinit2.o)
    0x080002be   0x080002be   0x00000000   Code   RO         2159    .ARM.Collect$$libinit$$00000017  c_w.l(libinit2.o)
    0x080002be   0x080002be   0x00000000   Code   RO         2161    .ARM.Collect$$libinit$$00000019  c_w.l(libinit2.o)
    0x080002be   0x080002be   0x00000000   Code   RO         2163    .ARM.Collect$$libinit$$0000001B  c_w.l(libinit2.o)
    0x080002be   0x080002be   0x00000000   Code   RO         2165    .ARM.Collect$$libinit$$0000001D  c_w.l(libinit2.o)
    0x080002be   0x080002be   0x00000000   Code   RO         2167    .ARM.Collect$$libinit$$0000001F  c_w.l(libinit2.o)
    0x080002be   0x080002be   0x00000000   Code   RO         2169    .ARM.Collect$$libinit$$00000021  c_w.l(libinit2.o)
    0x080002be   0x080002be   0x00000000   Code   RO         2171    .ARM.Collect$$libinit$$00000023  c_w.l(libinit2.o)
    0x080002be   0x080002be   0x00000000   Code   RO         2173    .ARM.Collect$$libinit$$00000025  c_w.l(libinit2.o)
    0x080002be   0x080002be   0x00000000   Code   RO         2175    .ARM.Collect$$libinit$$00000027  c_w.l(libinit2.o)
    0x080002be   0x080002be   0x00000000   Code   RO         2179    .ARM.Collect$$libinit$$0000002E  c_w.l(libinit2.o)
    0x080002be   0x080002be   0x00000000   Code   RO         2181    .ARM.Collect$$libinit$$00000030  c_w.l(libinit2.o)
    0x080002be   0x080002be   0x00000000   Code   RO         2183    .ARM.Collect$$libinit$$00000032  c_w.l(libinit2.o)
    0x080002be   0x080002be   0x00000000   Code   RO         2185    .ARM.Collect$$libinit$$00000034  c_w.l(libinit2.o)
    0x080002be   0x080002be   0x00000002   Code   RO         2186    .ARM.Collect$$libinit$$00000035  c_w.l(libinit2.o)
    0x080002c0   0x080002c0   0x00000002   Code   RO         2221    .ARM.Collect$$libshutdown$$00000000  c_w.l(libshutdown.o)
    0x080002c2   0x080002c2   0x00000000   Code   RO         2249    .ARM.Collect$$libshutdown$$00000002  c_w.l(libshutdown2.o)
    0x080002c2   0x080002c2   0x00000000   Code   RO         2251    .ARM.Collect$$libshutdown$$00000004  c_w.l(libshutdown2.o)
    0x080002c2   0x080002c2   0x00000000   Code   RO         2254    .ARM.Collect$$libshutdown$$00000007  c_w.l(libshutdown2.o)
    0x080002c2   0x080002c2   0x00000000   Code   RO         2257    .ARM.Collect$$libshutdown$$0000000A  c_w.l(libshutdown2.o)
    0x080002c2   0x080002c2   0x00000000   Code   RO         2259    .ARM.Collect$$libshutdown$$0000000C  c_w.l(libshutdown2.o)
    0x080002c2   0x080002c2   0x00000000   Code   RO         2262    .ARM.Collect$$libshutdown$$0000000F  c_w.l(libshutdown2.o)
    0x080002c2   0x080002c2   0x00000002   Code   RO         2263    .ARM.Collect$$libshutdown$$00000010  c_w.l(libshutdown2.o)
    0x080002c4   0x080002c4   0x00000000   Code   RO         2093    .ARM.Collect$$rtentry$$00000000  c_w.l(__rtentry.o)
    0x080002c4   0x080002c4   0x00000000   Code   RO         2099    .ARM.Collect$$rtentry$$00000002  c_w.l(__rtentry2.o)
    0x080002c4   0x080002c4   0x00000006   Code   RO         2111    .ARM.Collect$$rtentry$$00000004  c_w.l(__rtentry4.o)
    0x080002ca   0x080002ca   0x00000000   Code   RO         2101    .ARM.Collect$$rtentry$$00000009  c_w.l(__rtentry2.o)
    0x080002ca   0x080002ca   0x00000004   Code   RO         2102    .ARM.Collect$$rtentry$$0000000A  c_w.l(__rtentry2.o)
    0x080002ce   0x080002ce   0x00000000   Code   RO         2104    .ARM.Collect$$rtentry$$0000000C  c_w.l(__rtentry2.o)
    0x080002ce   0x080002ce   0x00000008   Code   RO         2105    .ARM.Collect$$rtentry$$0000000D  c_w.l(__rtentry2.o)
    0x080002d6   0x080002d6   0x00000002   Code   RO         2132    .ARM.Collect$$rtexit$$00000000  c_w.l(rtexit.o)
    0x080002d8   0x080002d8   0x00000000   Code   RO         2192    .ARM.Collect$$rtexit$$00000002  c_w.l(rtexit2.o)
    0x080002d8   0x080002d8   0x00000004   Code   RO         2193    .ARM.Collect$$rtexit$$00000003  c_w.l(rtexit2.o)
    0x080002dc   0x080002dc   0x00000006   Code   RO         2194    .ARM.Collect$$rtexit$$00000004  c_w.l(rtexit2.o)
    0x080002e2   0x080002e2   0x00000002   PAD
    0x080002e4   0x080002e4   0x00000040   Code   RO            4    .text               startup_stm32g431xx.o
    0x08000324   0x08000324   0x000000f0   Code   RO         2085    .text               c_w.l(lludivv7m.o)
    0x08000414   0x08000414   0x0000004e   Code   RO         2087    .text               c_w.l(rt_memclr_w.o)
    0x08000462   0x08000462   0x00000006   Code   RO         2089    .text               c_w.l(heapauxi.o)
    0x08000468   0x08000468   0x0000004a   Code   RO         2115    .text               c_w.l(sys_stackheap_outer.o)
    0x080004b2   0x080004b2   0x00000012   Code   RO         2117    .text               c_w.l(exit.o)
    0x080004c4   0x080004c4   0x00000008   Code   RO         2129    .text               c_w.l(libspace.o)
    0x080004cc   0x080004cc   0x0000000c   Code   RO         2187    .text               c_w.l(sys_exit.o)
    0x080004d8   0x080004d8   0x00000002   Code   RO         2210    .text               c_w.l(use_no_semi.o)
    0x080004da   0x080004da   0x00000000   Code   RO         2212    .text               c_w.l(indicate_semi.o)
    0x080004da   0x080004da   0x00000002   PAD
    0x080004dc   0x080004dc   0x00000190   Code   RO          853    .text.ADC_ConversionStop  stm32g4xx_hal_adc.o
    0x0800066c   0x0800066c   0x000000f6   Code   RO          861    .text.ADC_Enable    stm32g4xx_hal_adc.o
    0x08000762   0x08000762   0x00000002   PAD
    0x08000764   0x08000764   0x00000002   Code   RO          156    .text.BusFault_Handler  stm32g4xx_it.o
    0x08000766   0x08000766   0x00000002   PAD
    0x08000768   0x08000768   0x00000002   Code   RO          162    .text.DebugMon_Handler  stm32g4xx_it.o
    0x0800076a   0x0800076a   0x00000002   PAD
    0x0800076c   0x0800076c   0x0000000a   Code   RO           43    .text.Error_Handler  main.o
    0x08000776   0x08000776   0x00000002   PAD
    0x08000778   0x08000778   0x000000b8   Code   RO          959    .text.HAL_ADCEx_MultiModeConfigChannel  stm32g4xx_hal_adc_ex.o
    0x08000830   0x08000830   0x0000039a   Code   RO          899    .text.HAL_ADC_ConfigChannel  stm32g4xx_hal_adc.o
    0x08000bca   0x08000bca   0x00000002   PAD
    0x08000bcc   0x08000bcc   0x00000006   Code   RO          883    .text.HAL_ADC_GetValue  stm32g4xx_hal_adc.o
    0x08000bd2   0x08000bd2   0x00000002   PAD
    0x08000bd4   0x08000bd4   0x00000226   Code   RO          847    .text.HAL_ADC_Init  stm32g4xx_hal_adc.o
    0x08000dfa   0x08000dfa   0x00000002   PAD
    0x08000dfc   0x08000dfc   0x000000b2   Code   RO           69    .text.HAL_ADC_MspInit  adc.o
    0x08000eae   0x08000eae   0x00000002   PAD
    0x08000eb0   0x08000eb0   0x00000152   Code   RO          865    .text.HAL_ADC_PollForConversion  stm32g4xx_hal_adc.o
    0x08001002   0x08001002   0x00000002   PAD
    0x08001004   0x08001004   0x000000ec   Code   RO          859    .text.HAL_ADC_Start  stm32g4xx_hal_adc.o
    0x080010f0   0x080010f0   0x000000b4   Code   RO          863    .text.HAL_ADC_Stop  stm32g4xx_hal_adc.o
    0x080011a4   0x080011a4   0x000001b2   Code   RO          579    .text.HAL_GPIO_Init  stm32g4xx_hal_gpio.o
    0x08001356   0x08001356   0x00000002   PAD
    0x08001358   0x08001358   0x00000010   Code   RO          587    .text.HAL_GPIO_TogglePin  stm32g4xx_hal_gpio.o
    0x08001368   0x08001368   0x0000000c   Code   RO          585    .text.HAL_GPIO_WritePin  stm32g4xx_hal_gpio.o
    0x08001374   0x08001374   0x0000000c   Code   RO          351    .text.HAL_GetTick   stm32g4xx_hal.o
    0x08001380   0x08001380   0x0000004a   Code   RO         1132    .text.HAL_I2CEx_ConfigAnalogFilter  stm32g4xx_hal_i2c_ex.o
    0x080013ca   0x080013ca   0x00000002   PAD
    0x080013cc   0x080013cc   0x00000048   Code   RO         1134    .text.HAL_I2CEx_ConfigDigitalFilter  stm32g4xx_hal_i2c_ex.o
    0x08001414   0x08001414   0x000000b0   Code   RO          978    .text.HAL_I2C_Init  stm32g4xx_hal_i2c.o
    0x080014c4   0x080014c4   0x00000244   Code   RO         1038    .text.HAL_I2C_Mem_Read  stm32g4xx_hal_i2c.o
    0x08001708   0x08001708   0x0000023c   Code   RO         1036    .text.HAL_I2C_Mem_Write  stm32g4xx_hal_i2c.o
    0x08001944   0x08001944   0x000000c6   Code   RO           84    .text.HAL_I2C_MspInit  i2c.o
    0x08001a0a   0x08001a0a   0x00000002   PAD
    0x08001a0c   0x08001a0c   0x0000001a   Code   RO          349    .text.HAL_IncTick   stm32g4xx_hal.o
    0x08001a26   0x08001a26   0x00000002   PAD
    0x08001a28   0x08001a28   0x0000001e   Code   RO          339    .text.HAL_Init      stm32g4xx_hal.o
    0x08001a46   0x08001a46   0x00000002   PAD
    0x08001a48   0x08001a48   0x00000050   Code   RO          341    .text.HAL_InitTick  stm32g4xx_hal.o
    0x08001a98   0x08001a98   0x00000034   Code   RO          181    .text.HAL_MspInit   stm32g4xx_hal_msp.o
    0x08001acc   0x08001acc   0x00000022   Code   RO          805    .text.HAL_NVIC_EnableIRQ  stm32g4xx_hal_cortex.o
    0x08001aee   0x08001aee   0x00000002   PAD
    0x08001af0   0x08001af0   0x00000056   Code   RO          803    .text.HAL_NVIC_SetPriority  stm32g4xx_hal_cortex.o
    0x08001b46   0x08001b46   0x00000002   PAD
    0x08001b48   0x08001b48   0x00000020   Code   RO          801    .text.HAL_NVIC_SetPriorityGrouping  stm32g4xx_hal_cortex.o
    0x08001b68   0x08001b68   0x0000002a   Code   RO          273    .text.HAL_PCDEx_ActivateLPM  stm32g4xx_hal_pcd_ex.o
    0x08001b92   0x08001b92   0x00000002   PAD
    0x08001b94   0x08001b94   0x00000052   Code   RO         1905    .text.HAL_PCDEx_LPM_Callback  usbd_conf.o
    0x08001be6   0x08001be6   0x00000002   PAD
    0x08001be8   0x08001be8   0x0000004c   Code   RO          263    .text.HAL_PCDEx_PMAConfig  stm32g4xx_hal_pcd_ex.o
    0x08001c34   0x08001c34   0x00000014   Code   RO         1859    .text.HAL_PCD_DataInStageCallback  usbd_conf.o
    0x08001c48   0x08001c48   0x00000016   Code   RO         1857    .text.HAL_PCD_DataOutStageCallback  usbd_conf.o
    0x08001c5e   0x08001c5e   0x00000002   PAD
    0x08001c60   0x08001c60   0x0000004e   Code   RO          233    .text.HAL_PCD_EP_Close  stm32g4xx_hal_pcd.o
    0x08001cae   0x08001cae   0x00000002   PAD
    0x08001cb0   0x08001cb0   0x00000064   Code   RO          243    .text.HAL_PCD_EP_ClrStall  stm32g4xx_hal_pcd.o
    0x08001d14   0x08001d14   0x0000005a   Code   RO          231    .text.HAL_PCD_EP_Open  stm32g4xx_hal_pcd.o
    0x08001d6e   0x08001d6e   0x00000002   PAD
    0x08001d70   0x08001d70   0x00000032   Code   RO          235    .text.HAL_PCD_EP_Receive  stm32g4xx_hal_pcd.o
    0x08001da2   0x08001da2   0x00000002   PAD
    0x08001da4   0x08001da4   0x00000068   Code   RO          241    .text.HAL_PCD_EP_SetStall  stm32g4xx_hal_pcd.o
    0x08001e0c   0x08001e0c   0x00000036   Code   RO          239    .text.HAL_PCD_EP_Transmit  stm32g4xx_hal_pcd.o
    0x08001e42   0x08001e42   0x00000002   PAD
    0x08001e44   0x08001e44   0x0000093a   Code   RO          201    .text.HAL_PCD_IRQHandler  stm32g4xx_hal_pcd.o
    0x0800277e   0x0800277e   0x00000002   PAD
    0x08002780   0x08002780   0x0000021c   Code   RO          189    .text.HAL_PCD_Init  stm32g4xx_hal_pcd.o
    0x0800299c   0x0800299c   0x00000066   Code   RO         1851    .text.HAL_PCD_MspInit  usbd_conf.o
    0x08002a02   0x08002a02   0x00000002   PAD
    0x08002a04   0x08002a04   0x00000024   Code   RO         1863    .text.HAL_PCD_ResetCallback  usbd_conf.o
    0x08002a28   0x08002a28   0x00000028   Code   RO         1867    .text.HAL_PCD_ResumeCallback  usbd_conf.o
    0x08002a50   0x08002a50   0x00000008   Code   RO         1861    .text.HAL_PCD_SOFCallback  usbd_conf.o
    0x08002a58   0x08002a58   0x00000028   Code   RO          205    .text.HAL_PCD_SetAddress  stm32g4xx_hal_pcd.o
    0x08002a80   0x08002a80   0x0000000e   Code   RO         1855    .text.HAL_PCD_SetupStageCallback  usbd_conf.o
    0x08002a8e   0x08002a8e   0x00000002   PAD
    0x08002a90   0x08002a90   0x0000002c   Code   RO          197    .text.HAL_PCD_Start  stm32g4xx_hal_pcd.o
    0x08002abc   0x08002abc   0x00000026   Code   RO         1865    .text.HAL_PCD_SuspendCallback  usbd_conf.o
    0x08002ae2   0x08002ae2   0x00000002   PAD
    0x08002ae4   0x08002ae4   0x0000010e   Code   RO          721    .text.HAL_PWREx_ControlVoltageScaling  stm32g4xx_hal_pwr_ex.o
    0x08002bf2   0x08002bf2   0x00000002   PAD
    0x08002bf4   0x08002bf4   0x00000012   Code   RO          791    .text.HAL_PWREx_DisableUCPDDeadBattery  stm32g4xx_hal_pwr_ex.o
    0x08002c06   0x08002c06   0x00000002   PAD
    0x08002c08   0x08002c08   0x0000026a   Code   RO          463    .text.HAL_RCCEx_PeriphCLKConfig  stm32g4xx_hal_rcc_ex.o
    0x08002e72   0x08002e72   0x00000002   PAD
    0x08002e74   0x08002e74   0x00000304   Code   RO          429    .text.HAL_RCC_ClockConfig  stm32g4xx_hal_rcc.o
    0x08003178   0x08003178   0x0000002a   Code   RO          437    .text.HAL_RCC_GetPCLK1Freq  stm32g4xx_hal_rcc.o
    0x080031a2   0x080031a2   0x00000002   PAD
    0x080031a4   0x080031a4   0x0000002a   Code   RO          439    .text.HAL_RCC_GetPCLK2Freq  stm32g4xx_hal_rcc.o
    0x080031ce   0x080031ce   0x00000002   PAD
    0x080031d0   0x080031d0   0x00000082   Code   RO          431    .text.HAL_RCC_GetSysClockFreq  stm32g4xx_hal_rcc.o
    0x08003252   0x08003252   0x00000002   PAD
    0x08003254   0x08003254   0x000004ce   Code   RO          427    .text.HAL_RCC_OscConfig  stm32g4xx_hal_rcc.o
    0x08003722   0x08003722   0x00000002   PAD
    0x08003724   0x08003724   0x000000e4   Code   RO         1337    .text.HAL_SPI_Init  stm32g4xx_hal_spi.o
    0x08003808   0x08003808   0x00000074   Code   RO          114    .text.HAL_SPI_MspInit  spi.o
    0x0800387c   0x0800387c   0x0000002c   Code   RO          813    .text.HAL_SYSTICK_Config  stm32g4xx_hal_cortex.o
    0x080038a8   0x080038a8   0x00000002   Code   RO         1813    .text.HAL_TIMEx_Break2Callback  stm32g4xx_hal_tim_ex.o
    0x080038aa   0x080038aa   0x00000002   PAD
    0x080038ac   0x080038ac   0x00000002   Code   RO         1811    .text.HAL_TIMEx_BreakCallback  stm32g4xx_hal_tim_ex.o
    0x080038ae   0x080038ae   0x00000002   PAD
    0x080038b0   0x080038b0   0x00000002   Code   RO         1807    .text.HAL_TIMEx_CommutCallback  stm32g4xx_hal_tim_ex.o
    0x080038b2   0x080038b2   0x00000002   PAD
    0x080038b4   0x080038b4   0x000000c8   Code   RO         1759    .text.HAL_TIMEx_ConfigBreakDeadTime  stm32g4xx_hal_tim_ex.o
    0x0800397c   0x0800397c   0x00000002   Code   RO         1817    .text.HAL_TIMEx_DirectionChangeCallback  stm32g4xx_hal_tim_ex.o
    0x0800397e   0x0800397e   0x00000002   PAD
    0x08003980   0x08003980   0x00000002   Code   RO         1815    .text.HAL_TIMEx_EncoderIndexCallback  stm32g4xx_hal_tim_ex.o
    0x08003982   0x08003982   0x00000002   PAD
    0x08003984   0x08003984   0x00000002   Code   RO         1819    .text.HAL_TIMEx_IndexErrorCallback  stm32g4xx_hal_tim_ex.o
    0x08003986   0x08003986   0x00000002   PAD
    0x08003988   0x08003988   0x000000a6   Code   RO         1757    .text.HAL_TIMEx_MasterConfigSynchronization  stm32g4xx_hal_tim_ex.o
    0x08003a2e   0x08003a2e   0x00000002   PAD
    0x08003a30   0x08003a30   0x00000002   Code   RO         1821    .text.HAL_TIMEx_TransitionErrorCallback  stm32g4xx_hal_tim_ex.o
    0x08003a32   0x08003a32   0x00000002   PAD
    0x08003a34   0x08003a34   0x00000062   Code   RO         1462    .text.HAL_TIM_Base_Init  stm32g4xx_hal_tim.o
    0x08003a96   0x08003a96   0x00000002   PAD
    0x08003a98   0x08003a98   0x000000a4   Code   RO          135    .text.HAL_TIM_Base_MspInit  tim.o
    0x08003b3c   0x08003b3c   0x00000092   Code   RO         1476    .text.HAL_TIM_Base_Start_IT  stm32g4xx_hal_tim.o
    0x08003bce   0x08003bce   0x00000002   PAD
    0x08003bd0   0x08003bd0   0x00000204   Code   RO         1642    .text.HAL_TIM_ConfigClockSource  stm32g4xx_hal_tim.o
    0x08003dd4   0x08003dd4   0x00000002   Code   RO         1598    .text.HAL_TIM_IC_CaptureCallback  stm32g4xx_hal_tim.o
    0x08003dd6   0x08003dd6   0x00000002   PAD
    0x08003dd8   0x08003dd8   0x000001cc   Code   RO         1596    .text.HAL_TIM_IRQHandler  stm32g4xx_hal_tim.o
    0x08003fa4   0x08003fa4   0x00000002   Code   RO         1600    .text.HAL_TIM_OC_DelayElapsedCallback  stm32g4xx_hal_tim.o
    0x08003fa6   0x08003fa6   0x00000002   PAD
    0x08003fa8   0x08003fa8   0x000003c8   Code   RO         1616    .text.HAL_TIM_PWM_ConfigChannel  stm32g4xx_hal_tim.o
    0x08004370   0x08004370   0x00000062   Code   RO         1516    .text.HAL_TIM_PWM_Init  stm32g4xx_hal_tim.o
    0x080043d2   0x080043d2   0x00000002   PAD
    0x080043d4   0x080043d4   0x00000002   Code   RO         1518    .text.HAL_TIM_PWM_MspInit  stm32g4xx_hal_tim.o
    0x080043d6   0x080043d6   0x00000002   PAD
    0x080043d8   0x080043d8   0x00000002   Code   RO         1602    .text.HAL_TIM_PWM_PulseFinishedCallback  stm32g4xx_hal_tim.o
    0x080043da   0x080043da   0x00000002   PAD
    0x080043dc   0x080043dc   0x00000064   Code   RO           33    .text.HAL_TIM_PeriodElapsedCallback  main.o
    0x08004440   0x08004440   0x00000058   Code   RO         1646    .text.HAL_TIM_SlaveConfigSynchro  stm32g4xx_hal_tim.o
    0x08004498   0x08004498   0x00000002   Code   RO         1606    .text.HAL_TIM_TriggerCallback  stm32g4xx_hal_tim.o
    0x0800449a   0x0800449a   0x00000002   PAD
    0x0800449c   0x0800449c   0x00000036   Code   RO         1314    .text.HAL_UARTEx_DisableFifoMode  stm32g4xx_hal_uart_ex.o
    0x080044d2   0x080044d2   0x00000002   PAD
    0x080044d4   0x080044d4   0x0000008c   Code   RO         1318    .text.HAL_UARTEx_SetRxFifoThreshold  stm32g4xx_hal_uart_ex.o
    0x08004560   0x08004560   0x0000008c   Code   RO         1316    .text.HAL_UARTEx_SetTxFifoThreshold  stm32g4xx_hal_uart_ex.o
    0x080045ec   0x080045ec   0x00000064   Code   RO         1152    .text.HAL_UART_Init  stm32g4xx_hal_uart.o
    0x08004650   0x08004650   0x00000094   Code   RO           99    .text.HAL_UART_MspInit  usart.o
    0x080046e4   0x080046e4   0x00000002   Code   RO          152    .text.HardFault_Handler  stm32g4xx_it.o
    0x080046e6   0x080046e6   0x00000002   PAD
    0x080046e8   0x080046e8   0x0000015c   Code   RO         1122    .text.I2C_IsErrorOccurred  stm32g4xx_hal_i2c.o
    0x08004844   0x08004844   0x000000e4   Code   RO          988    .text.I2C_WaitOnFlagUntilTimeout  stm32g4xx_hal_i2c.o
    0x08004928   0x08004928   0x0000007c   Code   RO          992    .text.I2C_WaitOnSTOPFlagUntilTimeout  stm32g4xx_hal_i2c.o
    0x080049a4   0x080049a4   0x00000098   Code   RO          990    .text.I2C_WaitOnTXISFlagUntilTimeout  stm32g4xx_hal_i2c.o
    0x08004a3c   0x08004a3c   0x000005d4   Code   RO           19    .text.Key_Map       mpr.o
    0x08005010   0x08005010   0x000005e2   Code   RO           15    .text.MPR121_Init   mpr.o
    0x080055f2   0x080055f2   0x00000002   PAD
    0x080055f4   0x080055f4   0x00000162   Code   RO           67    .text.MX_ADC1_Init  adc.o
    0x08005756   0x08005756   0x00000002   PAD
    0x08005758   0x08005758   0x000000f8   Code   RO           58    .text.MX_GPIO_Init  gpio.o
    0x08005850   0x08005850   0x0000006c   Code   RO           82    .text.MX_I2C1_Init  i2c.o
    0x080058bc   0x080058bc   0x00000084   Code   RO           97    .text.MX_LPUART1_UART_Init  usart.o
    0x08005940   0x08005940   0x00000056   Code   RO          112    .text.MX_SPI2_Init  spi.o
    0x08005996   0x08005996   0x00000002   PAD
    0x08005998   0x08005998   0x0000015c   Code   RO          127    .text.MX_TIM1_Init  tim.o
    0x08005af4   0x08005af4   0x00000074   Code   RO          131    .text.MX_TIM2_Init  tim.o
    0x08005b68   0x08005b68   0x00000052   Code   RO          133    .text.MX_TIM6_Init  tim.o
    0x08005bba   0x08005bba   0x00000002   PAD
    0x08005bbc   0x08005bbc   0x00000056   Code   RO         1923    .text.MX_USB_Device_Init  usb_device.o
    0x08005c12   0x08005c12   0x00000002   PAD
    0x08005c14   0x08005c14   0x00000002   Code   RO          154    .text.MemManage_Handler  stm32g4xx_it.o
    0x08005c16   0x08005c16   0x00000002   PAD
    0x08005c18   0x08005c18   0x00000002   Code   RO          150    .text.NMI_Handler   stm32g4xx_it.o
    0x08005c1a   0x08005c1a   0x00000002   PAD
    0x08005c1c   0x08005c1c   0x00000002   Code   RO          164    .text.PendSV_Handler  stm32g4xx_it.o
    0x08005c1e   0x08005c1e   0x00000002   PAD
    0x08005c20   0x08005c20   0x000000aa   Code   RO           17    .text.Read_key_value  mpr.o
    0x08005cca   0x08005cca   0x00000002   PAD
    0x08005ccc   0x08005ccc   0x00000002   Code   RO          160    .text.SVC_Handler   stm32g4xx_it.o
    0x08005cce   0x08005cce   0x00000002   PAD
    0x08005cd0   0x08005cd0   0x00000004   Code   RO          166    .text.SysTick_Handler  stm32g4xx_it.o
    0x08005cd4   0x08005cd4   0x00000078   Code   RO           41    .text.SystemClock_Config  main.o
    0x08005d4c   0x08005d4c   0x00000012   Code   RO         1836    .text.SystemInit    system_stm32g4xx.o
    0x08005d5e   0x08005d5e   0x00000002   PAD
    0x08005d60   0x08005d60   0x0000000c   Code   RO          170    .text.TIM2_IRQHandler  stm32g4xx_it.o
    0x08005d6c   0x08005d6c   0x0000000c   Code   RO          172    .text.TIM6_DAC_IRQHandler  stm32g4xx_it.o
    0x08005d78   0x08005d78   0x00000134   Code   RO         1466    .text.TIM_Base_SetConfig  stm32g4xx_hal_tim.o
    0x08005eac   0x08005eac   0x00000164   Code   RO         1648    .text.TIM_SlaveTimer_SetConfig  stm32g4xx_hal_tim.o
    0x08006010   0x08006010   0x000000e6   Code   RO         1156    .text.UART_AdvFeatureConfig  stm32g4xx_hal_uart.o
    0x080060f6   0x080060f6   0x00000002   PAD
    0x080060f8   0x080060f8   0x0000016a   Code   RO         1160    .text.UART_CheckIdleState  stm32g4xx_hal_uart.o
    0x08006262   0x08006262   0x00000002   PAD
    0x08006264   0x08006264   0x00000298   Code   RO         1158    .text.UART_SetConfig  stm32g4xx_hal_uart.o
    0x080064fc   0x080064fc   0x00000336   Code   RO         1174    .text.UART_WaitOnFlagUntilTimeout  stm32g4xx_hal_uart.o
    0x08006832   0x08006832   0x00000002   PAD
    0x08006834   0x08006834   0x00000014   Code   RO         1973    .text.USBD_ClrClassConfig  usbd_core.o
    0x08006848   0x08006848   0x00000010   Code   RO         2034    .text.USBD_CtlContinueRx  usbd_ioreq.o
    0x08006858   0x08006858   0x00000010   Code   RO         2030    .text.USBD_CtlContinueSendData  usbd_ioreq.o
    0x08006868   0x08006868   0x00000016   Code   RO         2009    .text.USBD_CtlError  usbd_ctlreq.o
    0x0800687e   0x0800687e   0x00000002   PAD
    0x08006880   0x08006880   0x00000016   Code   RO         2038    .text.USBD_CtlReceiveStatus  usbd_ioreq.o
    0x08006896   0x08006896   0x00000002   PAD
    0x08006898   0x08006898   0x0000001a   Code   RO         2028    .text.USBD_CtlSendData  usbd_ioreq.o
    0x080068b2   0x080068b2   0x00000002   PAD
    0x080068b4   0x080068b4   0x00000016   Code   RO         2036    .text.USBD_CtlSendStatus  usbd_ioreq.o
    0x080068ca   0x080068ca   0x00000002   PAD
    0x080068cc   0x080068cc   0x000000da   Code   RO         2017    .text.USBD_GetString  usbd_ctlreq.o
    0x080069a6   0x080069a6   0x00000002   PAD
    0x080069a8   0x080069a8   0x00000024   Code   RO         1942    .text.USBD_HID_ConfigStrDescriptor  usbd_desc.o
    0x080069cc   0x080069cc   0x0000000c   Code   RO         2056    .text.USBD_HID_DataIn  usbd_hid.o
    0x080069d8   0x080069d8   0x00000020   Code   RO         2052    .text.USBD_HID_DeInit  usbd_hid.o
    0x080069f8   0x080069f8   0x0000000e   Code   RO         1932    .text.USBD_HID_DeviceDescriptor  usbd_desc.o
    0x08006a06   0x08006a06   0x00000002   PAD
    0x08006a08   0x08006a08   0x00000010   Code   RO         2064    .text.USBD_HID_GetDeviceQualifierDesc  usbd_hid.o
    0x08006a18   0x08006a18   0x00000010   Code   RO         2060    .text.USBD_HID_GetFSCfgDesc  usbd_hid.o
    0x08006a28   0x08006a28   0x00000010   Code   RO         2058    .text.USBD_HID_GetHSCfgDesc  usbd_hid.o
    0x08006a38   0x08006a38   0x00000010   Code   RO         2062    .text.USBD_HID_GetOtherSpeedCfgDesc  usbd_hid.o
    0x08006a48   0x08006a48   0x00000036   Code   RO         2050    .text.USBD_HID_Init  usbd_hid.o
    0x08006a7e   0x08006a7e   0x00000002   PAD
    0x08006a80   0x08006a80   0x00000028   Code   RO         1944    .text.USBD_HID_InterfaceStrDescriptor  usbd_desc.o
    0x08006aa8   0x08006aa8   0x0000000e   Code   RO         1934    .text.USBD_HID_LangIDStrDescriptor  usbd_desc.o
    0x08006ab6   0x08006ab6   0x00000002   PAD
    0x08006ab8   0x08006ab8   0x0000002c   Code   RO         1936    .text.USBD_HID_ManufacturerStrDescriptor  usbd_desc.o
    0x08006ae4   0x08006ae4   0x00000030   Code   RO         1938    .text.USBD_HID_ProductStrDescriptor  usbd_desc.o
    0x08006b14   0x08006b14   0x00000032   Code   RO         2066    .text.USBD_HID_SendReport  usbd_hid.o
    0x08006b46   0x08006b46   0x00000002   PAD
    0x08006b48   0x08006b48   0x00000170   Code   RO         1940    .text.USBD_HID_SerialStrDescriptor  usbd_desc.o
    0x08006cb8   0x08006cb8   0x00000100   Code   RO         2054    .text.USBD_HID_Setup  usbd_hid.o
    0x08006db8   0x08006db8   0x0000002a   Code   RO         1959    .text.USBD_Init     usbd_core.o
    0x08006de2   0x08006de2   0x00000002   PAD
    0x08006de4   0x08006de4   0x00000022   Code   RO         1893    .text.USBD_LL_ClearStallEP  usbd_conf.o
    0x08006e06   0x08006e06   0x00000002   PAD
    0x08006e08   0x08006e08   0x00000022   Code   RO         1887    .text.USBD_LL_CloseEP  usbd_conf.o
    0x08006e2a   0x08006e2a   0x00000002   PAD
    0x08006e2c   0x08006e2c   0x000000a8   Code   RO         1979    .text.USBD_LL_DataInStage  usbd_core.o
    0x08006ed4   0x08006ed4   0x00000066   Code   RO         1977    .text.USBD_LL_DataOutStage  usbd_core.o
    0x08006f3a   0x08006f3a   0x00000002   PAD
    0x08006f3c   0x08006f3c   0x00000068   Code   RO         1877    .text.USBD_LL_Init  usbd_conf.o
    0x08006fa4   0x08006fa4   0x0000002a   Code   RO         1895    .text.USBD_LL_IsStallEP  usbd_conf.o
    0x08006fce   0x08006fce   0x00000002   PAD
    0x08006fd0   0x08006fd0   0x00000028   Code   RO         1885    .text.USBD_LL_OpenEP  usbd_conf.o
    0x08006ff8   0x08006ff8   0x00000022   Code   RO         1901    .text.USBD_LL_PrepareReceive  usbd_conf.o
    0x0800701a   0x0800701a   0x00000002   PAD
    0x0800701c   0x0800701c   0x00000068   Code   RO         1981    .text.USBD_LL_Reset  usbd_core.o
    0x08007084   0x08007084   0x00000014   Code   RO         1987    .text.USBD_LL_Resume  usbd_core.o
    0x08007098   0x08007098   0x00000024   Code   RO         1989    .text.USBD_LL_SOF   usbd_core.o
    0x080070bc   0x080070bc   0x00000008   Code   RO         1983    .text.USBD_LL_SetSpeed  usbd_core.o
    0x080070c4   0x080070c4   0x00000022   Code   RO         1897    .text.USBD_LL_SetUSBAddress  usbd_conf.o
    0x080070e6   0x080070e6   0x00000002   PAD
    0x080070e8   0x080070e8   0x00000062   Code   RO         1975    .text.USBD_LL_SetupStage  usbd_core.o
    0x0800714a   0x0800714a   0x00000002   PAD
    0x0800714c   0x0800714c   0x00000022   Code   RO         1891    .text.USBD_LL_StallEP  usbd_conf.o
    0x0800716e   0x0800716e   0x00000002   PAD
    0x08007170   0x08007170   0x00000022   Code   RO         1881    .text.USBD_LL_Start  usbd_conf.o
    0x08007192   0x08007192   0x00000002   PAD
    0x08007194   0x08007194   0x00000014   Code   RO         1985    .text.USBD_LL_Suspend  usbd_core.o
    0x080071a8   0x080071a8   0x00000022   Code   RO         1899    .text.USBD_LL_Transmit  usbd_conf.o
    0x080071ca   0x080071ca   0x00000002   PAD
    0x080071cc   0x080071cc   0x00000016   Code   RO         2015    .text.USBD_ParseSetupRequest  usbd_ctlreq.o
    0x080071e2   0x080071e2   0x00000002   PAD
    0x080071e4   0x080071e4   0x0000002e   Code   RO         1963    .text.USBD_RegisterClass  usbd_core.o
    0x08007212   0x08007212   0x00000002   PAD
    0x08007214   0x08007214   0x00000010   Code   RO         1971    .text.USBD_SetClassConfig  usbd_core.o
    0x08007224   0x08007224   0x00000004   Code   RO         1965    .text.USBD_Start    usbd_core.o
    0x08007228   0x08007228   0x00000374   Code   RO         2007    .text.USBD_StdDevReq  usbd_ctlreq.o
    0x0800759c   0x0800759c   0x00000144   Code   RO         2013    .text.USBD_StdEPReq  usbd_ctlreq.o
    0x080076e0   0x080076e0   0x00000062   Code   RO         2011    .text.USBD_StdItfReq  usbd_ctlreq.o
    0x08007742   0x08007742   0x00000002   PAD
    0x08007744   0x08007744   0x00000002   Code   RO         1911    .text.USBD_static_free  usbd_conf.o
    0x08007746   0x08007746   0x00000002   PAD
    0x08007748   0x08007748   0x0000000a   Code   RO         1909    .text.USBD_static_malloc  usbd_conf.o
    0x08007752   0x08007752   0x00000002   PAD
    0x08007754   0x08007754   0x0000027a   Code   RO          301    .text.USB_ActivateEndpoint  stm32g4xx_ll_usb.o
    0x080079ce   0x080079ce   0x00000002   PAD
    0x080079d0   0x080079d0   0x000000e2   Code   RO          303    .text.USB_DeactivateEndpoint  stm32g4xx_ll_usb.o
    0x08007ab2   0x08007ab2   0x00000002   PAD
    0x08007ab4   0x08007ab4   0x00000012   Code   RO          319    .text.USB_DevConnect  stm32g4xx_ll_usb.o
    0x08007ac6   0x08007ac6   0x00000002   PAD
    0x08007ac8   0x08007ac8   0x0000001a   Code   RO          295    .text.USB_DevInit   stm32g4xx_ll_usb.o
    0x08007ae2   0x08007ae2   0x00000002   PAD
    0x08007ae4   0x08007ae4   0x00000014   Code   RO          291    .text.USB_DisableGlobalInt  stm32g4xx_ll_usb.o
    0x08007af8   0x08007af8   0x0000007c   Code   RO          311    .text.USB_EPClearStall  stm32g4xx_ll_usb.o
    0x08007b74   0x08007b74   0x00000032   Code   RO          309    .text.USB_EPSetStall  stm32g4xx_ll_usb.o
    0x08007ba6   0x08007ba6   0x00000002   PAD
    0x08007ba8   0x08007ba8   0x0000085a   Code   RO          305    .text.USB_EPStartXfer  stm32g4xx_ll_usb.o
    0x08008402   0x08008402   0x00000002   PAD
    0x08008404   0x08008404   0x00000012   Code   RO          289    .text.USB_EnableGlobalInt  stm32g4xx_ll_usb.o
    0x08008416   0x08008416   0x00000002   PAD
    0x08008418   0x08008418   0x0000000c   Code   RO          168    .text.USB_LP_IRQHandler  stm32g4xx_it.o
    0x08008424   0x08008424   0x00000006   Code   RO          323    .text.USB_ReadInterrupts  stm32g4xx_ll_usb.o
    0x0800842a   0x0800842a   0x00000002   PAD
    0x0800842c   0x0800842c   0x0000009c   Code   RO          329    .text.USB_ReadPMA   stm32g4xx_ll_usb.o
    0x080084c8   0x080084c8   0x0000000e   Code   RO          317    .text.USB_SetDevAddress  stm32g4xx_ll_usb.o
    0x080084d6   0x080084d6   0x00000002   PAD
    0x080084d8   0x080084d8   0x00000096   Code   RO          307    .text.USB_WritePMA  stm32g4xx_ll_usb.o
    0x0800856e   0x0800856e   0x00000002   PAD
    0x08008570   0x08008570   0x00000002   Code   RO          158    .text.UsageFault_Handler  stm32g4xx_it.o
    0x08008572   0x08008572   0x00000002   PAD
    0x08008574   0x08008574   0x000002c8   Code   RO           39    .text.main          main.o
    0x0800883c   0x0800883c   0x0000001a   Code   RO         2204    x$fpl$fpinit        fz_wm.l(fpinit.o)
    0x08008856   0x08008856   0x00000010   Data   RO         1841    .rodata.AHBPrescTable  system_stm32g4xx.o
    0x08008866   0x08008866   0x00000008   Data   RO         1842    .rodata.APBPrescTable  system_stm32g4xx.o
    0x0800886e   0x0800886e   0x00000018   Data   RO         1286    .rodata.UARTPrescTable  stm32g4xx_hal_uart.o
    0x08008886   0x08008886   0x00000002   PAD
    0x08008888   0x08008888   0x00000010   Data   RO         1287    .rodata.cst16       stm32g4xx_hal_uart.o
    0x08008898   0x08008898   0x00000010   Data   RO         1328    .rodata.cst8        stm32g4xx_hal_uart_ex.o
    0x080088a8   0x080088a8   0x00000020   Data   RO         2265    Region$$Table       anon$$obj.o


    Execution Region RW_IRAM1 (Exec base: 0x20000000, Load base: 0x080088c8, Size: 0x000012d8, Max: 0x00008000, ABSOLUTE, COMPRESSED[0x00000100])

    Exec Addr    Load Addr    Size         Type   Attr      Idx    E Section Name        Object

    0x20000000   COMPRESSED   0x0000002e   Data   RW           21    .data..L_MergedGlobals  mpr.o
    0x2000002e   COMPRESSED   0x00000002   PAD
    0x20000030   COMPRESSED   0x00000008   Data   RW          416    .data..L_MergedGlobals  stm32g4xx_hal.o
    0x20000038   COMPRESSED   0x0000004b   Data   RW         2075    .data..L_MergedGlobals  usbd_hid.o
    0x20000083   COMPRESSED   0x00000001   PAD
    0x20000084   COMPRESSED   0x00000020   Data   RW         1946    .data.HID_Desc      usbd_desc.o
    0x200000a4   COMPRESSED   0x00000004   Data   RW         1840    .data.SystemCoreClock  system_stm32g4xx.o
    0x200000a8   COMPRESSED   0x00000038   Data   RW         2070    .data.USBD_HID      usbd_hid.o
    0x200000e0   COMPRESSED   0x00000022   Data   RW         2071    .data.USBD_HID_CfgFSDesc  usbd_hid.o
    0x20000102   COMPRESSED   0x00000002   PAD
    0x20000104   COMPRESSED   0x00000022   Data   RW         2072    .data.USBD_HID_CfgHSDesc  usbd_hid.o
    0x20000126   COMPRESSED   0x00000002   PAD
    0x20000128   COMPRESSED   0x00000012   Data   RW         1947    .data.USBD_HID_DeviceDesc  usbd_desc.o
    0x2000013a   COMPRESSED   0x00000002   PAD
    0x2000013c   COMPRESSED   0x0000000a   Data   RW         2074    .data.USBD_HID_DeviceQualifierDesc  usbd_hid.o
    0x20000146   COMPRESSED   0x00000002   PAD
    0x20000148   COMPRESSED   0x00000022   Data   RW         2073    .data.USBD_HID_OtherSpeedCfgDesc  usbd_hid.o
    0x2000016a   COMPRESSED   0x00000002   PAD
    0x2000016c   COMPRESSED   0x00000004   Data   RW         1948    .data.USBD_LangIDDesc  usbd_desc.o
    0x20000170   COMPRESSED   0x0000001a   Data   RW         1949    .data.USBD_StringSerial  usbd_desc.o
    0x2000018a   COMPRESSED   0x00000030   Data   RW           45    .data.ws_peach      main.o
    0x200001ba   COMPRESSED   0x00000006   PAD
    0x200001c0        -       0x00000060   Zero   RW         2130    .bss                c_w.l(libspace.o)
    0x20000220        -       0x00000024   Zero   RW           49    .bss..L_MergedGlobals  main.o
    0x20000244        -       0x0000002c   Zero   RW           22    .bss..L_MergedGlobals.1  mpr.o
    0x20000270        -       0x00000001   Zero   RW         2019    .bss.USBD_SetConfig.cfgidx  usbd_ctlreq.o
    0x20000271   COMPRESSED   0x00000003   PAD
    0x20000274        -       0x00000200   Zero   RW         1950    .bss.USBD_StrDesc   usbd_desc.o
    0x20000474        -       0x00000014   Zero   RW         1914    .bss.USBD_static_malloc.mem  usbd_conf.o
    0x20000488        -       0x000002d0   Zero   RW         1925    .bss.hUsbDeviceFS   usb_device.o
    0x20000758        -       0x0000006c   Zero   RW           73    .bss.hadc1          adc.o
    0x200007c4        -       0x00000054   Zero   RW           88    .bss.hi2c1          i2c.o
    0x20000818        -       0x00000094   Zero   RW          103    .bss.hlpuart1       usart.o
    0x200008ac        -       0x000002dc   Zero   RW         1913    .bss.hpcd_USB_FS    usbd_conf.o
    0x20000b88        -       0x00000064   Zero   RW          118    .bss.hspi2          spi.o
    0x20000bec        -       0x0000004c   Zero   RW          139    .bss.htim1          tim.o
    0x20000c38        -       0x0000004c   Zero   RW          140    .bss.htim2          tim.o
    0x20000c84        -       0x0000004c   Zero   RW          141    .bss.htim6          tim.o
    0x20000cd0        -       0x00000001   Zero   RW           47    .bss.times_1s       main.o
    0x20000cd1   COMPRESSED   0x00000003   PAD
    0x20000cd4        -       0x00000004   Zero   RW          415    .bss.uwTick         stm32g4xx_hal.o
    0x20000cd8        -       0x00000200   Zero   RW            2    HEAP                startup_stm32g431xx.o
    0x20000ed8        -       0x00000400   Zero   RW            1    STACK               startup_stm32g431xx.o


==============================================================================

Image component sizes


      Code (inc. data)   RO Data    RW Data    ZI Data      Debug   Object Name

       532          0          0          0        108       7527   adc.o
       248          0          0          0          0       2396   gpio.o
       306          0          0          0         84       6666   i2c.o
       942          0          0         48         37      13716   main.o
      3168          0          0         46         44       9406   mpr.o
       202          0          0          0        100       5624   spi.o
        64         26        472          0       1536        820   startup_stm32g431xx.o
       148          0          0          8          4       8871   stm32g4xx_hal.o
      2878          0          0          0          0      28361   stm32g4xx_hal_adc.o
       184          0          0          0          0      22872   stm32g4xx_hal_adc_ex.o
       196          0          0          0          0      10118   stm32g4xx_hal_cortex.o
       462          0          0          0          0       5194   stm32g4xx_hal_gpio.o
      2180          0          0          0          0      61666   stm32g4xx_hal_i2c.o
       146          0          0          0          0       6517   stm32g4xx_hal_i2c_ex.o
        52          0          0          0          0       1719   stm32g4xx_hal_msp.o
      3462          0          0          0          0      16525   stm32g4xx_hal_pcd.o
       118          0          0          0          0       5643   stm32g4xx_hal_pcd_ex.o
       288          0          0          0          0       9298   stm32g4xx_hal_pwr_ex.o
      2216          0          0          0          0       9922   stm32g4xx_hal_rcc.o
       618          0          0          0          0      10736   stm32g4xx_hal_rcc_ex.o
       228          0          0          0          0      27137   stm32g4xx_hal_spi.o
      3048         14          0          0          0      62459   stm32g4xx_hal_tim.o
       380          0          0          0          0      30028   stm32g4xx_hal_tim_ex.o
      2178         48         40          0          0      41692   stm32g4xx_hal_uart.o
       334          0         16          0          0      11170   stm32g4xx_hal_uart_ex.o
        56          0          0          0          0       7310   stm32g4xx_it.o
      3580          6          0          0          0      20716   stm32g4xx_ll_usb.o
        18          0         24          4          0       2723   system_stm32g4xx.o
       710          0          0          0        228      11170   tim.o
       280          0          0          0        148       6740   usart.o
        86          0          0          0        720       3048   usb_device.o
       798          0          0          0        752      18666   usbd_conf.o
       684          0          0          0          0       8581   usbd_core.o
      1568         36          0          0          1      10703   usbd_ctlreq.o
       564         72          0         80        512       4184   usbd_desc.o
       468         24          0        243          0       6633   usbd_hid.o
       102          0          0          0          0       4606   usbd_ioreq.o

    ----------------------------------------------------------------------
     33696        226        586        444       4284     521163   Object Totals
         0          0         32          0          0          0   (incl. Generated)
       204          0          2         15         10          0   (incl. Padding)

    ----------------------------------------------------------------------

      Code (inc. data)   RO Data    RW Data    ZI Data      Debug   Library Member Name

        90          0          0          0          0          0   __dczerorl2.o
         8          0          0          0          0         68   __main.o
         0          0          0          0          0          0   __rtentry.o
        12          0          0          0          0          0   __rtentry2.o
         6          0          0          0          0          0   __rtentry4.o
        94          8          0          0          0          0   __scatter.o
        28          0          0          0          0          0   __scatter_zi.o
        18          0          0          0          0         80   exit.o
         6          0          0          0          0        152   heapauxi.o
         0          0          0          0          0          0   indicate_semi.o
         2          0          0          0          0          0   libinit.o
         6          0          0          0          0          0   libinit2.o
         2          0          0          0          0          0   libshutdown.o
         2          0          0          0          0          0   libshutdown2.o
         8          4          0          0         96         68   libspace.o
       240          0          0          0          0        100   lludivv7m.o
        78          0          0          0          0         80   rt_memclr_w.o
         2          0          0          0          0          0   rtexit.o
        10          0          0          0          0          0   rtexit2.o
        12          4          0          0          0         68   sys_exit.o
        74          0          0          0          0         80   sys_stackheap_outer.o
         2          0          0          0          0         68   use_no_semi.o
        26          0          0          0          0        116   fpinit.o

    ----------------------------------------------------------------------
       734         16          0          0         96        880   Library Totals
         8          0          0          0          0          0   (incl. Padding)

    ----------------------------------------------------------------------

      Code (inc. data)   RO Data    RW Data    ZI Data      Debug   Library Name

       700         16          0          0         96        764   c_w.l
        26          0          0          0          0        116   fz_wm.l

    ----------------------------------------------------------------------
       734         16          0          0         96        880   Library Totals

    ----------------------------------------------------------------------

==============================================================================


      Code (inc. data)   RO Data    RW Data    ZI Data      Debug   

     34430        242        586        444       4380     521151   Grand Totals
     34430        242        586        256       4380     521151   ELF Image Totals (compressed)
     34430        242        586        256          0          0   ROM Totals

==============================================================================

    Total RO  Size (Code + RO Data)                35016 (  34.20kB)
    Total RW  Size (RW Data + ZI Data)              4824 (   4.71kB)
    Total ROM Size (Code + RO Data + RW Data)      35272 (  34.45kB)

==============================================================================

